     VMA      LMA     Size Align Out     In      Symbol
       0        0   200000     1 . = 0x00200000
  200000        0        0     1 __kernel_base = .
  200000   200000     2c04     4 .text
  200000   200000       10     4         /tmp/kernel-ed2658.o:(.text.boot)
  200000   200000        0     1                 
  200000   200000        0     1                 
  200000   200000        0     1                 $x.2
  200000   200000        0     1                 
  200000   200000       10     1                 boot
  200010   200010        0     1                 
  200010   200010     165c     4         /tmp/kernel-ed2658.o:(.text)
  200010   200010        0     1                 
  200010   200010        0     1                 
  200010   200010        0     1                 $x.0
  200010   200010        0     1                 
  200010   200010       20     1                 putchar
  200014   200014        0     1                 
  200014   200014        0     1                 
  200018   200018        0     1                 
  20001c   20001c        0     1                 
  200020   200020        0     1                 
  200028   200028        0     1                 
  200028   200028        0     1                 
  20002c   20002c        0     1                 
  200030   200030        0     1                 
  200030   200030        0     1                 
  200030   200030        0     1                 
  200030   200030        0     1                 
  200030   200030        0     1                 
  200030   200030       20     1                 uart_putchar
  200034   200034        0     1                 
  200034   200034        0     1                 
  200038   200038        0     1                 
  20003c   20003c        0     1                 
  200040   200040        0     1                 
  200048   200048        0     1                 
  200048   200048        0     1                 
  20004c   20004c        0     1                 
  200050   200050        0     1                 
  200050   200050        0     1                 
  200050   200050        0     1                 
  200050   200050        0     1                 
  200050   200050        0     1                 
  200050   200050       24     1                 uart_getchar
  200054   200054        0     1                 
  200054   200054        0     1                 
  200058   200058        0     1                 
  20005c   20005c        0     1                 
  200060   200060        0     1                 
  200068   200068        0     1                 
  200068   200068        0     1                 
  20006c   20006c        0     1                 
  200070   200070        0     1                 
  200074   200074        0     1                 
  200074   200074        0     1                 
  200074   200074        0     1                 
  200074   200074        0     1                 
  200074   200074        0     1                 
  200074   200074       94     1                 alloc_pages
  200080   200080        0     1                 
  200088   200088        0     1                 
  20008c   20008c        0     1                 
  200098   200098        0     1                 
  20009c   20009c        0     1                 
  2000a8   2000a8        0     1                 
  2000a8   2000a8        0     1                 
  2000ac   2000ac        0     1                 
  2000b0   2000b0        0     1                 
  2000b4   2000b4        0     1                 
  2000bc   2000bc        0     1                 
  2000c0   2000c0        0     1                 
  2000c4   2000c4        0     1                 
  2000e0   2000e0        0     1                 
  2000e4   2000e4        0     1                 
  2000f4   2000f4        0     1                 
  2000f4   2000f4        0     1                 
  200100   200100        0     1                 
  200100   200100        0     1                 
  200108   200108        0     1                 
  200108   200108        0     1                 
  200108   200108        0     1                 
  200108   200108        0     1                 
  200108   200108        0     1                 
  200108   200108       1c     1                 user_entry
  200110   200110        0     1                 
  200124   200124        0     1                 
  200124   200124        0     1                 
  200124   200124        0     1                 
  200124   200124      118     1                 kernel_entry
  20023c   20023c        0     1                 
  20023c   20023c        0     1                 
  20023c   20023c        0     1                 
  20023c   20023c       7c     1                 switch_context
  2002b8   2002b8        0     1                 
  2002b8   2002b8        0     1                 
  2002b8   2002b8        0     1                 
  2002b8   2002b8      17c     1                 map_page
  2002d8   2002d8        0     1                 
  2002d8   2002d8        0     1                 
  2002e0   2002e0        0     1                 
  2002e4   2002e4        0     1                 
  2002f4   2002f4        0     1                 
  2002f8   2002f8        0     1                 
  200300   200300        0     1                 
  200304   200304        0     1                 
  200304   200304        0     1                 
  20030c   20030c        0     1                 
  200310   200310        0     1                 
  200314   200314        0     1                 
  200318   200318        0     1                 
  200328   200328        0     1                 
  20032c   20032c        0     1                 
  200334   200334        0     1                 
  200338   200338        0     1                 
  200338   200338        0     1                 
  200348   200348        0     1                 
  200348   200348        0     1                 
  20034c   20034c        0     1                 
  200350   200350        0     1                 
  200350   200350        0     1                 
  200358   200358        0     1                 
  20035c   20035c        0     1                 
  200368   200368        0     1                 
  20036c   20036c        0     1                 
  200378   200378        0     1                 
  200378   200378        0     1                 
  20037c   20037c        0     1                 
  200384   200384        0     1                 
  20038c   20038c        0     1                 
  200390   200390        0     1                 
  200394   200394        0     1                 
  2003a8   2003a8        0     1                 
  2003b0   2003b0        0     1                 
  2003b4   2003b4        0     1                 
  2003b4   2003b4        0     1                 
  2003b8   2003b8        0     1                 
  2003b8   2003b8        0     1                 
  2003c8   2003c8        0     1                 
  2003d0   2003d0        0     1                 
  2003d0   2003d0        0     1                 
  2003d8   2003d8        0     1                 
  2003d8   2003d8        0     1                 
  2003dc   2003dc        0     1                 
  2003e0   2003e0        0     1                 
  2003e4   2003e4        0     1                 
  2003e8   2003e8        0     1                 
  2003e8   2003e8        0     1                 
  2003f0   2003f0        0     1                 
  2003f0   2003f0        0     1                 
  2003f4   2003f4        0     1                 
  2003fc   2003fc        0     1                 
  200400   200400        0     1                 
  200400   200400        0     1                 
  200408   200408        0     1                 
  200410   200410        0     1                 
  200410   200410        0     1                 
  20042c   20042c        0     1                 
  200434   200434        0     1                 
  200434   200434        0     1                 
  200434   200434        0     1                 
  200434   200434        0     1                 
  200434   200434        0     1                 
  200434   200434        8     1                 idle_entry
  200438   200438        0     1                 
  20043c   20043c        0     1                 
  20043c   20043c        0     1                 
  20043c   20043c        0     1                 
  20043c   20043c      81c     1                 create_process
  200474   200474        0     1                 
  200484   200484        0     1                 
  200484   200484        0     1                 
  200488   200488        0     1                 
  200488   200488        0     1                 
  20048c   20048c        0     1                 
  20048c   20048c        0     1                 
  200498   200498        0     1                 
  20049c   20049c        0     1                 
  20049c   20049c        0     1                 
  2004b0   2004b0        0     1                 
  2004b4   2004b4        0     1                 
  2004b4   2004b4        0     1                 
  2004c0   2004c0        0     1                 
  2004c4   2004c4        0     1                 
  2004c4   2004c4        0     1                 
  2004d8   2004d8        0     1                 
  2004dc   2004dc        0     1                 
  2004dc   2004dc        0     1                 
  2004e8   2004e8        0     1                 
  2004ec   2004ec        0     1                 
  2004ec   2004ec        0     1                 
  200500   200500        0     1                 
  200504   200504        0     1                 
  200504   200504        0     1                 
  200510   200510        0     1                 
  200514   200514        0     1                 
  200514   200514        0     1                 
  200530   200530        0     1                 
  200534   200534        0     1                 
  200534   200534        0     1                 
  20053c   20053c        0     1                 
  200544   200544        0     1                 
  20054c   20054c        0     1                 
  200554   200554        0     1                 
  20055c   20055c        0     1                 
  200564   200564        0     1                 
  20056c   20056c        0     1                 
  200570   200570        0     1                 
  200570   200570        0     1                 
  200580   200580        0     1                 
  200588   200588        0     1                 
  20058c   20058c        0     1                 
  200590   200590        0     1                 
  200594   200594        0     1                 
  200598   200598        0     1                 
  20059c   20059c        0     1                 
  2005a0   2005a0        0     1                 
  2005a4   2005a4        0     1                 
  2005a8   2005a8        0     1                 
  2005ac   2005ac        0     1                 
  2005b0   2005b0        0     1                 
  2005b4   2005b4        0     1                 
  2005bc   2005bc        0     1                 
  2005bc   2005bc        0     1                 
  2005c4   2005c4        0     1                 
  2005c4   2005c4        0     1                 
  2005c8   2005c8        0     1                 
  2005c8   2005c8        0     1                 
  2005d8   2005d8        0     1                 
  2005d8   2005d8        0     1                 
  2005e4   2005e4        0     1                 
  2005e8   2005e8        0     1                 
  2005f4   2005f4        0     1                 
  2005f4   2005f4        0     1                 
  2005f8   2005f8        0     1                 
  200600   200600        0     1                 
  200608   200608        0     1                 
  20060c   20060c        0     1                 
  200610   200610        0     1                 
  20062c   20062c        0     1                 
  200630   200630        0     1                 
  200648   200648        0     1                 
  200648   200648        0     1                 
  200658   200658        0     1                 
  200658   200658        0     1                 
  200664   200664        0     1                 
  200664   200664        0     1                 
  20066c   20066c        0     1                 
  20066c   20066c        0     1                 
  200684   200684        0     1                 
  200684   200684        0     1                 
  200688   200688        0     1                 
  20068c   20068c        0     1                 
  20068c   20068c        0     1                 
  20069c   20069c        0     1                 
  20069c   20069c        0     1                 
  2006a0   2006a0        0     1                 
  2006a4   2006a4        0     1                 
  2006a4   2006a4        0     1                 
  2006a8   2006a8        0     1                 
  2006a8   2006a8        0     1                 
  2006b0   2006b0        0     1                 
  2006b4   2006b4        0     1                 
  2006c0   2006c0        0     1                 
  2006c4   2006c4        0     1                 
  2006d0   2006d0        0     1                 
  2006d0   2006d0        0     1                 
  2006d4   2006d4        0     1                 
  2006dc   2006dc        0     1                 
  2006e4   2006e4        0     1                 
  2006e8   2006e8        0     1                 
  2006ec   2006ec        0     1                 
  200708   200708        0     1                 
  20070c   20070c        0     1                 
  200720   200720        0     1                 
  200720   200720        0     1                 
  200728   200728        0     1                 
  20072c   20072c        0     1                 
  200730   200730        0     1                 
  200730   200730        0     1                 
  200738   200738        0     1                 
  200738   200738        0     1                 
  200740   200740        0     1                 
  200744   200744        0     1                 
  200744   200744        0     1                 
  200748   200748        0     1                 
  200754   200754        0     1                 
  200754   200754        0     1                 
  200758   200758        0     1                 
  20075c   20075c        0     1                 
  20075c   20075c        0     1                 
  200760   200760        0     1                 
  200760   200760        0     1                 
  200768   200768        0     1                 
  20076c   20076c        0     1                 
  200778   200778        0     1                 
  20077c   20077c        0     1                 
  200788   200788        0     1                 
  200788   200788        0     1                 
  20078c   20078c        0     1                 
  200794   200794        0     1                 
  20079c   20079c        0     1                 
  2007a0   2007a0        0     1                 
  2007a4   2007a4        0     1                 
  2007c0   2007c0        0     1                 
  2007c4   2007c4        0     1                 
  2007d8   2007d8        0     1                 
  2007d8   2007d8        0     1                 
  2007e0   2007e0        0     1                 
  2007e4   2007e4        0     1                 
  2007e8   2007e8        0     1                 
  2007e8   2007e8        0     1                 
  2007f0   2007f0        0     1                 
  2007f0   2007f0        0     1                 
  2007f8   2007f8        0     1                 
  2007fc   2007fc        0     1                 
  2007fc   2007fc        0     1                 
  200800   200800        0     1                 
  20080c   20080c        0     1                 
  20080c   20080c        0     1                 
  200810   200810        0     1                 
  200814   200814        0     1                 
  200814   200814        0     1                 
  200818   200818        0     1                 
  200818   200818        0     1                 
  200820   200820        0     1                 
  200824   200824        0     1                 
  200830   200830        0     1                 
  200834   200834        0     1                 
  200840   200840        0     1                 
  200840   200840        0     1                 
  200844   200844        0     1                 
  20084c   20084c        0     1                 
  200854   200854        0     1                 
  200858   200858        0     1                 
  20085c   20085c        0     1                 
  200878   200878        0     1                 
  20087c   20087c        0     1                 
  200890   200890        0     1                 
  200890   200890        0     1                 
  200898   200898        0     1                 
  20089c   20089c        0     1                 
  2008a0   2008a0        0     1                 
  2008a0   2008a0        0     1                 
  2008a8   2008a8        0     1                 
  2008a8   2008a8        0     1                 
  2008b0   2008b0        0     1                 
  2008b4   2008b4        0     1                 
  2008b4   2008b4        0     1                 
  2008b8   2008b8        0     1                 
  2008c4   2008c4        0     1                 
  2008c4   2008c4        0     1                 
  2008c8   2008c8        0     1                 
  2008cc   2008cc        0     1                 
  2008cc   2008cc        0     1                 
  2008d0   2008d0        0     1                 
  2008d0   2008d0        0     1                 
  2008d8   2008d8        0     1                 
  2008dc   2008dc        0     1                 
  2008e8   2008e8        0     1                 
  2008ec   2008ec        0     1                 
  2008f8   2008f8        0     1                 
  2008f8   2008f8        0     1                 
  2008fc   2008fc        0     1                 
  200904   200904        0     1                 
  20090c   20090c        0     1                 
  200910   200910        0     1                 
  200914   200914        0     1                 
  200930   200930        0     1                 
  200934   200934        0     1                 
  200948   200948        0     1                 
  200948   200948        0     1                 
  200950   200950        0     1                 
  200954   200954        0     1                 
  200958   200958        0     1                 
  200958   200958        0     1                 
  20095c   20095c        0     1                 
  200964   200964        0     1                 
  20096c   20096c        0     1                 
  20096c   20096c        0     1                 
  200974   200974        0     1                 
  200978   200978        0     1                 
  200978   200978        0     1                 
  20097c   20097c        0     1                 
  200988   200988        0     1                 
  200988   200988        0     1                 
  20098c   20098c        0     1                 
  200990   200990        0     1                 
  200990   200990        0     1                 
  200994   200994        0     1                 
  200994   200994        0     1                 
  20099c   20099c        0     1                 
  2009a0   2009a0        0     1                 
  2009ac   2009ac        0     1                 
  2009b0   2009b0        0     1                 
  2009bc   2009bc        0     1                 
  2009bc   2009bc        0     1                 
  2009c0   2009c0        0     1                 
  2009c8   2009c8        0     1                 
  2009d0   2009d0        0     1                 
  2009d4   2009d4        0     1                 
  2009d8   2009d8        0     1                 
  2009f4   2009f4        0     1                 
  2009f8   2009f8        0     1                 
  200a0c   200a0c        0     1                 
  200a0c   200a0c        0     1                 
  200a14   200a14        0     1                 
  200a18   200a18        0     1                 
  200a1c   200a1c        0     1                 
  200a1c   200a1c        0     1                 
  200a24   200a24        0     1                 
  200a24   200a24        0     1                 
  200a2c   200a2c        0     1                 
  200a30   200a30        0     1                 
  200a30   200a30        0     1                 
  200a34   200a34        0     1                 
  200a38   200a38        0     1                 
  200a38   200a38        0     1                 
  200a48   200a48        0     1                 
  200a48   200a48        0     1                 
  200a74   200a74        0     1                 
  200a74   200a74        0     1                 
  200a78   200a78        0     1                 
  200a84   200a84        0     1                 
  200a84   200a84        0     1                 
  200a88   200a88        0     1                 
  200a9c   200a9c        0     1                 
  200a9c   200a9c        0     1                 
  200aa0   200aa0        0     1                 
  200aa0   200aa0        0     1                 
  200aa8   200aa8        0     1                 
  200aac   200aac        0     1                 
  200aac   200aac        0     1                 
  200ab0   200ab0        0     1                 
  200ab4   200ab4        0     1                 
  200abc   200abc        0     1                 
  200ac8   200ac8        0     1                 
  200ac8   200ac8        0     1                 
  200ad4   200ad4        0     1                 
  200ad8   200ad8        0     1                 
  200aec   200aec        0     1                 
  200aec   200aec        0     1                 
  200af0   200af0        0     1                 
  200af0   200af0        0     1                 
  200af4   200af4        0     1                 
  200af4   200af4        0     1                 
  200afc   200afc        0     1                 
  200afc   200afc        0     1                 
  200b18   200b18        0     1                 
  200b1c   200b1c        0     1                 
  200b1c   200b1c        0     1                 
  200b2c   200b2c        0     1                 
  200b2c   200b2c        0     1                 
  200b34   200b34        0     1                 
  200b38   200b38        0     1                 
  200b58   200b58        0     1                 
  200b58   200b58        0     1                 
  200b5c   200b5c        0     1                 
  200b60   200b60        0     1                 
  200b68   200b68        0     1                 
  200b70   200b70        0     1                 
  200b70   200b70        0     1                 
  200b78   200b78        0     1                 
  200b7c   200b7c        0     1                 
  200b90   200b90        0     1                 
  200b90   200b90        0     1                 
  200ba8   200ba8        0     1                 
  200ba8   200ba8        0     1                 
  200bb0   200bb0        0     1                 
  200bb4   200bb4        0     1                 
  200bb8   200bb8        0     1                 
  200bb8   200bb8        0     1                 
  200bc8   200bc8        0     1                 
  200bc8   200bc8        0     1                 
  200bcc   200bcc        0     1                 
  200bd0   200bd0        0     1                 
  200bd8   200bd8        0     1                 
  200be0   200be0        0     1                 
  200be4   200be4        0     1                 
  200be8   200be8        0     1                 
  200bf8   200bf8        0     1                 
  200bf8   200bf8        0     1                 
  200c04   200c04        0     1                 
  200c04   200c04        0     1                 
  200c0c   200c0c        0     1                 
  200c1c   200c1c        0     1                 
  200c30   200c30        0     1                 
  200c38   200c38        0     1                 
  200c38   200c38        0     1                 
  200c54   200c54        0     1                 
  200c58   200c58        0     1                 
  200c58   200c58        0     1                 
  200c58   200c58        0     1                 
  200c58   200c58        0     1                 
  200c58   200c58        0     1                 
  200c58   200c58        0     1                 
  200c58   200c58      288     1                 yield
  200c64   200c64        0     1                 
  200c68   200c68        0     1                 
  200c68   200c68        0     1                 
  200c7c   200c7c        0     1                 
  200c98   200c98        0     1                 
  200c98   200c98        0     1                 
  200c9c   200c9c        0     1                 
  200c9c   200c9c        0     1                 
  200ca0   200ca0        0     1                 
  200ca0   200ca0        0     1                 
  200ca4   200ca4        0     1                 
  200ca4   200ca4        0     1                 
  200ca8   200ca8        0     1                 
  200cac   200cac        0     1                 
  200cac   200cac        0     1                 
  200cb0   200cb0        0     1                 
  200cc4   200cc4        0     1                 
  200cd8   200cd8        0     1                 
  200cdc   200cdc        0     1                 
  200ce8   200ce8        0     1                 
  200ce8   200ce8        0     1                 
  200cec   200cec        0     1                 
  200cf0   200cf0        0     1                 
  200cf0   200cf0        0     1                 
  200cf4   200cf4        0     1                 
  200d08   200d08        0     1                 
  200d28   200d28        0     1                 
  200d2c   200d2c        0     1                 
  200d2c   200d2c        0     1                 
  200d30   200d30        0     1                 
  200d34   200d34        0     1                 
  200d34   200d34        0     1                 
  200d38   200d38        0     1                 
  200d4c   200d4c        0     1                 
  200d60   200d60        0     1                 
  200d64   200d64        0     1                 
  200d70   200d70        0     1                 
  200d70   200d70        0     1                 
  200d74   200d74        0     1                 
  200d78   200d78        0     1                 
  200d78   200d78        0     1                 
  200d7c   200d7c        0     1                 
  200d90   200d90        0     1                 
  200db0   200db0        0     1                 
  200db4   200db4        0     1                 
  200db4   200db4        0     1                 
  200db8   200db8        0     1                 
  200dbc   200dbc        0     1                 
  200dbc   200dbc        0     1                 
  200dc0   200dc0        0     1                 
  200dd4   200dd4        0     1                 
  200de8   200de8        0     1                 
  200dec   200dec        0     1                 
  200df8   200df8        0     1                 
  200df8   200df8        0     1                 
  200dfc   200dfc        0     1                 
  200e00   200e00        0     1                 
  200e00   200e00        0     1                 
  200e04   200e04        0     1                 
  200e18   200e18        0     1                 
  200e38   200e38        0     1                 
  200e3c   200e3c        0     1                 
  200e3c   200e3c        0     1                 
  200e40   200e40        0     1                 
  200e44   200e44        0     1                 
  200e44   200e44        0     1                 
  200e48   200e48        0     1                 
  200e5c   200e5c        0     1                 
  200e70   200e70        0     1                 
  200e74   200e74        0     1                 
  200e80   200e80        0     1                 
  200e80   200e80        0     1                 
  200e84   200e84        0     1                 
  200e88   200e88        0     1                 
  200e88   200e88        0     1                 
  200e8c   200e8c        0     1                 
  200e8c   200e8c        0     1                 
  200e90   200e90        0     1                 
  200e98   200e98        0     1                 
  200e9c   200e9c        0     1                 
  200e9c   200e9c        0     1                 
  200ea0   200ea0        0     1                 
  200ea8   200ea8        0     1                 
  200eb0   200eb0        0     1                 
  200ebc   200ebc        0     1                 
  200ec0   200ec0        0     1                 
  200ed0   200ed0        0     1                 
  200ed4   200ed4        0     1                 
  200ed4   200ed4        0     1                 
  200ed8   200ed8        0     1                 
  200ee0   200ee0        0     1                 
  200ee0   200ee0        0     1                 
  200ee0   200ee0        0     1                 
  200ee0   200ee0        0     1                 
  200ee0   200ee0        0     1                 
  200ee0   200ee0        0     1                 
  200ee0   200ee0        c     1                 reboot
  200eec   200eec        0     1                 
  200eec   200eec        0     1                 
  200eec   200eec        0     1                 
  200eec   200eec      274     1                 handle_syscall
  200ef4   200ef4        0     1                 
  200f1c   200f1c        0     1                 
  200f40   200f40        0     1                 .LBB12_2
  200f40   200f40        0     1                 
  200f44   200f44        0     1                 
  200f44   200f44        0     1                 
  200f48   200f48        0     1                 
  200f48   200f48        0     1                 
  200f4c   200f4c        0     1                 
  200f50   200f50        0     1                 
  200f54   200f54        0     1                 
  200f5c   200f5c        0     1                 
  200f5c   200f5c        0     1                 .LBB12_5
  200f5c   200f5c        0     1                 
  200f6c   200f6c        0     1                 
  200f88   200f88        0     1                 
  200f94   200f94        0     1                 
  200f94   200f94        0     1                 .LBB12_6
  200f94   200f94        0     1                 
  200fbc   200fbc        0     1                 
  200fbc   200fbc        0     1                 
  200fe0   200fe0        0     1                 
  200fe4   200fe4        0     1                 
  200fe8   200fe8        0     1                 
  200fe8   200fe8        0     1                 
  201000   201000        0     1                 
  201004   201004        0     1                 
  20100c   20100c        0     1                 
  201010   201010        0     1                 
  201010   201010        0     1                 
  201018   201018        0     1                 
  201024   201024        0     1                 .LBB12_7
  201024   201024        0     1                 
  201024   201024        0     1                 
  201028   201028        0     1                 
  201040   201040        0     1                 
  201044   201044        0     1                 
  201044   201044        0     1                 
  20104c   20104c        0     1                 
  20104c   20104c        0     1                 .LBB12_10
  20104c   20104c        0     1                 
  201050   201050        0     1                 
  201050   201050        0     1                 
  201054   201054        0     1                 
  201058   201058        0     1                 
  20105c   20105c        0     1                 
  201064   201064        0     1                 
  201064   201064        0     1                 
  201068   201068        0     1                 
  201068   201068        0     1                 
  201078   201078        0     1                 
  201078   201078        0     1                 
  20107c   20107c        0     1                 
  201084   201084        0     1                 .LBB12_15
  201084   201084        0     1                 
  201084   201084        0     1                 
  201094   201094        0     1                 
  2010b0   2010b0        0     1                 
  2010bc   2010bc        0     1                 
  2010bc   2010bc        0     1                 .LBB12_16
  2010bc   2010bc        0     1                 
  2010c4   2010c4        0     1                 
  2010cc   2010cc        0     1                 
  2010d4   2010d4        0     1                 
  2010e4   2010e4        0     1                 
  2010ec   2010ec        0     1                 
  2010ec   2010ec        0     1                 
  2010f8   2010f8        0     1                 
  201100   201100        0     1                 
  201104   201104        0     1                 
  201104   201104        0     1                 
  201108   201108        0     1                 
  20110c   20110c        0     1                 
  201110   201110        0     1                 
  201114   201114        0     1                 
  20111c   20111c        0     1                 
  20111c   20111c        0     1                 
  201120   201120        0     1                 
  201124   201124        0     1                 
  201124   201124        0     1                 
  20112c   20112c        0     1                 
  201138   201138        0     1                 
  201138   201138        0     1                 .LBB12_21
  201138   201138        0     1                 
  20113c   20113c        0     1                 
  201140   201140        0     1                 
  201144   201144        0     1                 
  201154   201154        0     1                 
  201154   201154        0     1                 
  201160   201160        0     1                 
  201160   201160        0     1                 
  201160   201160        0     1                 
  201160   201160        0     1                 
  201160   201160        0     1                 
  201160   201160       90     1                 handle_trap
  20116c   20116c        0     1                 
  20116c   20116c        0     1                 
  201170   201170        0     1                 
  201170   201170        0     1                 
  201174   201174        0     1                 
  201174   201174        0     1                 
  201178   201178        0     1                 
  201178   201178        0     1                 
  20117c   20117c        0     1                 
  20117c   20117c        0     1                 
  201180   201180        0     1                 
  201184   201184        0     1                 
  201188   201188        0     1                 
  201190   201190        0     1                 
  201190   201190        0     1                 
  201194   201194        0     1                 
  201194   201194        0     1                 
  2011a0   2011a0        0     1                 
  2011a0   2011a0        0     1                 
  2011a8   2011a8        0     1                 
  2011a8   2011a8        0     1                 
  2011ac   2011ac        0     1                 
  2011c0   2011c0        0     1                 
  2011c8   2011c8        0     1                 
  2011cc   2011cc        0     1                 
  2011cc   2011cc        0     1                 
  2011d0   2011d0        0     1                 
  2011e4   2011e4        0     1                 
  2011ec   2011ec        0     1                 
  2011f0   2011f0        0     1                 
  2011f0   2011f0        0     1                 
  2011f0   2011f0        0     1                 
  2011f0   2011f0        0     1                 
  2011f0   2011f0        0     1                 
  2011f0   2011f0      19c     1                 random_mem_check
  201220   201220        0     1                 
  201224   201224        0     1                 
  201224   201224        0     1                 
  201228   201228        0     1                 
  201228   201228        0     1                 
  20122c   20122c        0     1                 
  20122c   20122c        0     1                 
  201240   201240        0     1                 
  201240   201240        0     1                 
  201250   201250        0     1                 
  201250   201250        0     1                 
  201254   201254        0     1                 
  201258   201258        0     1                 
  201260   201260        0     1                 
  201274   201274        0     1                 
  201274   201274        0     1                 
  201278   201278        0     1                 
  20127c   20127c        0     1                 
  20127c   20127c        0     1                 
  201280   201280        0     1                 
  201284   201284        0     1                 
  201284   201284        0     1                 
  201288   201288        0     1                 
  20128c   20128c        0     1                 
  201290   201290        0     1                 
  201290   201290        0     1                 
  201294   201294        0     1                 
  201294   201294        0     1                 
  201298   201298        0     1                 
  201298   201298        0     1                 
  20129c   20129c        0     1                 
  20129c   20129c        0     1                 
  2012a0   2012a0        0     1                 
  2012a0   2012a0        0     1                 
  2012b0   2012b0        0     1                 
  2012b0   2012b0        0     1                 
  2012b4   2012b4        0     1                 
  2012b4   2012b4        0     1                 
  2012bc   2012bc        0     1                 
  2012bc   2012bc        0     1                 
  2012d4   2012d4        0     1                 
  2012e4   2012e4        0     1                 
  2012e4   2012e4        0     1                 
  2012ec   2012ec        0     1                 
  2012f0   2012f0        0     1                 
  2012f0   2012f0        0     1                 
  2012f4   2012f4        0     1                 
  2012f4   2012f4        0     1                 
  2012f8   2012f8        0     1                 
  2012f8   2012f8        0     1                 
  2012fc   2012fc        0     1                 
  2012fc   2012fc        0     1                 
  201300   201300        0     1                 
  201300   201300        0     1                 
  201304   201304        0     1                 
  201308   201308        0     1                 
  201308   201308        0     1                 
  20130c   20130c        0     1                 
  20130c   20130c        0     1                 
  201310   201310        0     1                 
  201310   201310        0     1                 
  201314   201314        0     1                 
  201314   201314        0     1                 
  201320   201320        0     1                 
  201320   201320        0     1                 
  201324   201324        0     1                 
  201324   201324        0     1                 
  20132c   20132c        0     1                 
  20132c   20132c        0     1                 
  20133c   20133c        0     1                 
  20133c   20133c        0     1                 
  201340   201340        0     1                 
  201340   201340        0     1                 
  201344   201344        0     1                 
  201344   201344        0     1                 
  201354   201354        0     1                 
  201380   201380        0     1                 
  201384   201384        0     1                 
  20138c   20138c        0     1                 
  20138c   20138c        0     1                 
  20138c   20138c        0     1                 
  20138c   20138c        0     1                 
  20138c   20138c        0     1                 
  20138c   20138c      180     1                 seqential_mem_check
  2013b8   2013b8        0     1                 
  2013bc   2013bc        0     1                 
  2013bc   2013bc        0     1                 
  2013c0   2013c0        0     1                 
  2013c0   2013c0        0     1                 
  2013d4   2013d4        0     1                 
  2013d4   2013d4        0     1                 
  2013e4   2013e4        0     1                 
  2013e4   2013e4        0     1                 
  2013e8   2013e8        0     1                 
  2013e8   2013e8        0     1                 
  2013ec   2013ec        0     1                 
  2013f4   2013f4        0     1                 
  201408   201408        0     1                 
  201408   201408        0     1                 
  20140c   20140c        0     1                 
  201410   201410        0     1                 
  201410   201410        0     1                 
  201414   201414        0     1                 
  201414   201414        0     1                 
  201418   201418        0     1                 
  201418   201418        0     1                 
  201428   201428        0     1                 
  201428   201428        0     1                 
  20142c   20142c        0     1                 
  20142c   20142c        0     1                 
  201430   201430        0     1                 
  201434   201434        0     1                 
  201434   201434        0     1                 
  201460   201460        0     1                 
  20146c   20146c        0     1                 
  20146c   20146c        0     1                 
  201470   201470        0     1                 
  201470   201470        0     1                 
  201474   201474        0     1                 
  201474   201474        0     1                 
  201478   201478        0     1                 
  201478   201478        0     1                 
  20147c   20147c        0     1                 
  201484   201484        0     1                 
  201484   201484        0     1                 
  20148c   20148c        0     1                 
  20148c   20148c        0     1                 
  201498   201498        0     1                 
  201498   201498        0     1                 
  20149c   20149c        0     1                 
  20149c   20149c        0     1                 
  2014a0   2014a0        0     1                 
  2014a0   2014a0        0     1                 
  2014a4   2014a4        0     1                 
  2014a4   2014a4        0     1                 
  2014ac   2014ac        0     1                 
  2014ac   2014ac        0     1                 
  2014bc   2014bc        0     1                 
  2014bc   2014bc        0     1                 
  2014c0   2014c0        0     1                 
  2014c0   2014c0        0     1                 
  2014c8   2014c8        0     1                 
  2014d8   2014d8        0     1                 
  201500   201500        0     1                 
  20150c   20150c        0     1                 
  20150c   20150c        0     1                 
  20150c   20150c        0     1                 
  20150c   20150c        0     1                 
  20150c   20150c        0     1                 
  20150c   20150c      160     1                 kernel_main
  201514   201514        0     1                 
  201524   201524        0     1                 
  201524   201524        0     1                 
  201534   201534        0     1                 
  201534   201534        0     1                 
  201548   201548        0     1                 
  201558   201558        0     1                 
  201558   201558        0     1                 
  201568   201568        0     1                 
  201568   201568        0     1                 
  201578   201578        0     1                 
  201578   201578        0     1                 
  201598   201598        0     1                 
  201598   201598        0     1                 
  2015b8   2015b8        0     1                 
  2015b8   2015b8        0     1                 
  2015c0   2015c0        0     1                 
  2015c4   2015c4        0     1                 
  2015c8   2015c8        0     1                 
  2015d4   2015d4        0     1                 
  2015d4   2015d4        0     1                 
  2015e4   2015e4        0     1                 
  2015e4   2015e4        0     1                 
  2015ec   2015ec        0     1                 
  2015f0   2015f0        0     1                 
  2015f8   2015f8        0     1                 
  201608   201608        0     1                 
  201608   201608        0     1                 
  20161c   20161c        0     1                 
  201624   201624        0     1                 
  201624   201624        0     1                 
  201634   201634        0     1                 
  201634   201634        0     1                 
  20163c   20163c        0     1                 
  20163c   20163c        0     1                 
  20164c   20164c        0     1                 
  20164c   20164c        0     1                 
  201668   201668        0     1                 
  20166c   20166c        0     1                 
  20166c   20166c      9b8     4         /tmp/common-3edf04.o:(.text)
  20166c   20166c        0     1                 
  20166c   20166c        0     1                 
  20166c   20166c        0     1                 $x.0
  20166c   20166c        0     1                 
  20166c   20166c       28     1                 memcpy
  201674   201674        0     1                 
  201674   201674        0     1                 
  201678   201678        0     1                 
  201678   201678        0     1                 
  20167c   20167c        0     1                 
  201680   201680        0     1                 
  201684   201684        0     1                 
  201684   201684        0     1                 
  201688   201688        0     1                 
  20168c   20168c        0     1                 
  20168c   20168c        0     1                 
  201690   201690        0     1                 
  201690   201690        0     1                 
  201694   201694        0     1                 
  201694   201694        0     1                 
  201694   201694        0     1                 
  201694   201694        0     1                 
  201694   201694        0     1                 
  201694   201694       20     1                 memset
  20169c   20169c        0     1                 
  20169c   20169c        0     1                 
  2016a0   2016a0        0     1                 
  2016a0   2016a0        0     1                 
  2016a4   2016a4        0     1                 
  2016a4   2016a4        0     1                 
  2016a8   2016a8        0     1                 
  2016ac   2016ac        0     1                 
  2016ac   2016ac        0     1                 
  2016b0   2016b0        0     1                 
  2016b0   2016b0        0     1                 
  2016b4   2016b4        0     1                 
  2016b4   2016b4        0     1                 
  2016b4   2016b4        0     1                 
  2016b4   2016b4        0     1                 
  2016b4   2016b4        0     1                 
  2016b4   2016b4       fc     1                 s_print_int
  2016c8   2016c8        0     1                 
  2016c8   2016c8        0     1                 
  2016cc   2016cc        0     1                 
  2016cc   2016cc        0     1                 
  2016d0   2016d0        0     1                 
  2016d4   2016d4        0     1                 
  2016d4   2016d4        0     1                 
  2016e4   2016e4        0     1                 
  2016f0   2016f0        0     1                 
  2016f0   2016f0        0     1                 
  2016f4   2016f4        0     1                 
  2016f4   2016f4        0     1                 
  201700   201700        0     1                 
  201700   201700        0     1                 
  201704   201704        0     1                 
  201708   201708        0     1                 
  201708   201708        0     1                 
  201718   201718        0     1                 
  201728   201728        0     1                 
  201728   201728        0     1                 
  20172c   20172c        0     1                 
  20172c   20172c        0     1                 
  201730   201730        0     1                 
  201734   201734        0     1                 
  201738   201738        0     1                 
  201738   201738        0     1                 
  20173c   20173c        0     1                 
  20174c   20174c        0     1                 
  201750   201750        0     1                 
  201754   201754        0     1                 
  201758   201758        0     1                 
  201758   201758        0     1                 
  20175c   20175c        0     1                 
  20175c   20175c        0     1                 
  201760   201760        0     1                 
  201764   201764        0     1                 
  201764   201764        0     1                 
  201768   201768        0     1                 
  201768   201768        0     1                 
  201770   201770        0     1                 
  201770   201770        0     1                 
  201774   201774        0     1                 
  20177c   20177c        0     1                 
  20177c   20177c        0     1                 
  201784   201784        0     1                 
  20178c   20178c        0     1                 
  20178c   20178c        0     1                 
  201794   201794        0     1                 
  201798   201798        0     1                 
  2017a8   2017a8        0     1                 
  2017b0   2017b0        0     1                 
  2017b0   2017b0        0     1                 
  2017b0   2017b0        0     1                 
  2017b0   2017b0        0     1                 
  2017b0   2017b0        0     1                 
  2017b0   2017b0      2d8     1                 s_printf
  2017ec   2017ec        0     1                 
  20180c   20180c        0     1                 
  20183c   20183c        0     1                 
  20183c   20183c        0     1                 
  201840   201840        0     1                 
  201844   201844        0     1                 
  201844   201844        0     1                 
  201848   201848        0     1                 
  201850   201850        0     1                 
  201858   201858        0     1                 
  201858   201858        0     1                 
  20185c   20185c        0     1                 
  20185c   20185c        0     1                 
  201860   201860        0     1                 
  201860   201860        0     1                 
  201864   201864        0     1                 
  201868   201868        0     1                 
  20186c   20186c        0     1                 
  20186c   20186c        0     1                 
  201878   201878        0     1                 
  201878   201878        0     1                 
  201888   201888        0     1                 
  201888   201888        0     1                 
  20188c   20188c        0     1                 
  20188c   20188c        0     1                 
  201890   201890        0     1                 
  20189c   20189c        0     1                 
  20189c   20189c        0     1                 
  2018a0   2018a0        0     1                 
  2018a0   2018a0        0     1                 
  2018a4   2018a4        0     1                 
  2018a4   2018a4        0     1                 
  2018ac   2018ac        0     1                 
  2018ac   2018ac        0     1                 
  2018bc   2018bc        0     1                 
  2018bc   2018bc        0     1                 
  2018c0   2018c0        0     1                 
  2018c0   2018c0        0     1                 
  2018c4   2018c4        0     1                 
  2018c8   2018c8        0     1                 
  2018d0   2018d0        0     1                 
  2018d0   2018d0        0     1                 
  2018d8   2018d8        0     1                 
  2018d8   2018d8        0     1                 
  2018dc   2018dc        0     1                 
  2018e0   2018e0        0     1                 
  2018e8   2018e8        0     1                 
  2018e8   2018e8        0     1                 
  2018f0   2018f0        0     1                 
  2018f0   2018f0        0     1                 
  2018f4   2018f4        0     1                 
  2018f8   2018f8        0     1                 
  201900   201900        0     1                 
  201900   201900        0     1                 
  201908   201908        0     1                 
  201908   201908        0     1                 
  20190c   20190c        0     1                 
  201910   201910        0     1                 
  201918   201918        0     1                 
  201918   201918        0     1                 
  201920   201920        0     1                 
  201920   201920        0     1                 
  201924   201924        0     1                 
  201928   201928        0     1                 
  201930   201930        0     1                 
  201930   201930        0     1                 
  201938   201938        0     1                 
  201938   201938        0     1                 
  20193c   20193c        0     1                 
  201940   201940        0     1                 
  201948   201948        0     1                 
  201948   201948        0     1                 
  201950   201950        0     1                 
  201950   201950        0     1                 
  201954   201954        0     1                 
  201958   201958        0     1                 
  201960   201960        0     1                 
  201960   201960        0     1                 
  201964   201964        0     1                 
  201964   201964        0     1                 
  201968   201968        0     1                 
  20196c   20196c        0     1                 
  201974   201974        0     1                 
  201974   201974        0     1                 
  201978   201978        0     1                 
  201978   201978        0     1                 
  20197c   20197c        0     1                 
  20197c   20197c        0     1                 
  201988   201988        0     1                 
  201988   201988        0     1                 
  20198c   20198c        0     1                 
  20198c   20198c        0     1                 
  201990   201990        0     1                 
  201990   201990        0     1                 
  2019a0   2019a0        0     1                 
  2019a0   2019a0        0     1                 
  2019a4   2019a4        0     1                 
  2019ac   2019ac        0     1                 
  2019ac   2019ac        0     1                 
  2019b8   2019b8        0     1                 
  2019b8   2019b8        0     1                 
  2019bc   2019bc        0     1                 
  2019c0   2019c0        0     1                 
  2019c8   2019c8        0     1                 
  2019c8   2019c8        0     1                 
  2019d4   2019d4        0     1                 
  2019d4   2019d4        0     1                 
  2019d8   2019d8        0     1                 
  2019d8   2019d8        0     1                 
  2019dc   2019dc        0     1                 
  2019e4   2019e4        0     1                 
  2019e4   2019e4        0     1                 
  2019f8   2019f8        0     1                 
  2019f8   2019f8        0     1                 
  201a08   201a08        0     1                 
  201a0c   201a0c        0     1                 
  201a10   201a10        0     1                 
  201a10   201a10        0     1                 
  201a18   201a18        0     1                 
  201a1c   201a1c        0     1                 
  201a20   201a20        0     1                 
  201a20   201a20        0     1                 
  201a28   201a28        0     1                 
  201a30   201a30        0     1                 
  201a30   201a30        0     1                 
  201a38   201a38        0     1                 
  201a40   201a40        0     1                 
  201a40   201a40        0     1                 
  201a4c   201a4c        0     1                 
  201a4c   201a4c        0     1                 
  201a80   201a80        0     1                 
  201a88   201a88        0     1                 
  201a88   201a88        0     1                 
  201a88   201a88        0     1                 
  201a88   201a88        0     1                 
  201a88   201a88        0     1                 
  201a88   201a88       cc     1                 parse_hex
  201a98   201a98        0     1                 
  201a9c   201a9c        0     1                 
  201a9c   201a9c        0     1                 
  201aa0   201aa0        0     1                 
  201aa8   201aa8        0     1                 
  201aac   201aac        0     1                 
  201ab0   201ab0        0     1                 
  201ab4   201ab4        0     1                 
  201ac0   201ac0        0     1                 
  201ac0   201ac0        0     1                 
  201ac4   201ac4        0     1                 
  201ac4   201ac4        0     1                 
  201acc   201acc        0     1                 
  201acc   201acc        0     1                 
  201ad0   201ad0        0     1                 
  201ad0   201ad0        0     1                 
  201ad4   201ad4        0     1                 
  201ad8   201ad8        0     1                 
  201adc   201adc        0     1                 
  201adc   201adc        0     1                 
  201ae0   201ae0        0     1                 
  201ae8   201ae8        0     1                 
  201ae8   201ae8        0     1                 
  201afc   201afc        0     1                 
  201afc   201afc        0     1                 
  201b00   201b00        0     1                 
  201b00   201b00        0     1                 
  201b04   201b04        0     1                 
  201b04   201b04        0     1                 
  201b08   201b08        0     1                 
  201b08   201b08        0     1                 
  201b0c   201b0c        0     1                 
  201b0c   201b0c        0     1                 
  201b10   201b10        0     1                 
  201b10   201b10        0     1                 
  201b14   201b14        0     1                 
  201b14   201b14        0     1                 
  201b18   201b18        0     1                 
  201b18   201b18        0     1                 
  201b28   201b28        0     1                 
  201b38   201b38        0     1                 
  201b48   201b48        0     1                 
  201b48   201b48        0     1                 
  201b4c   201b4c        0     1                 
  201b50   201b50        0     1                 
  201b54   201b54        0     1                 
  201b54   201b54        0     1                 
  201b54   201b54        0     1                 
  201b54   201b54        0     1                 
  201b54   201b54        0     1                 
  201b54   201b54      280     1                 hexdump
  201b8c   201b8c        0     1                 
  201b90   201b90        0     1                 
  201b90   201b90        0     1                 
  201b94   201b94        0     1                 
  201b98   201b98        0     1                 
  201b9c   201b9c        0     1                 
  201bc0   201bc0        0     1                 
  201bc0   201bc0        0     1                 
  201bcc   201bcc        0     1                 
  201bcc   201bcc        0     1                 
  201bd8   201bd8        0     1                 
  201bd8   201bd8        0     1                 
  201bdc   201bdc        0     1                 
  201be0   201be0        0     1                 
  201be4   201be4        0     1                 
  201be8   201be8        0     1                 
  201be8   201be8        0     1                 
  201bec   201bec        0     1                 
  201bec   201bec        0     1                 
  201bf0   201bf0        0     1                 
  201bf4   201bf4        0     1                 
  201bf4   201bf4        0     1                 
  201bf8   201bf8        0     1                 
  201bf8   201bf8        0     1                 
  201c00   201c00        0     1                 
  201c00   201c00        0     1                 
  201c08   201c08        0     1                 
  201c08   201c08        0     1                 
  201c0c   201c0c        0     1                 
  201c10   201c10        0     1                 
  201c18   201c18        0     1                 
  201c18   201c18        0     1                 
  201c20   201c20        0     1                 
  201c20   201c20        0     1                 
  201c24   201c24        0     1                 
  201c28   201c28        0     1                 
  201c30   201c30        0     1                 
  201c30   201c30        0     1                 
  201c38   201c38        0     1                 
  201c38   201c38        0     1                 
  201c3c   201c3c        0     1                 
  201c40   201c40        0     1                 
  201c48   201c48        0     1                 
  201c48   201c48        0     1                 
  201c50   201c50        0     1                 
  201c50   201c50        0     1                 
  201c54   201c54        0     1                 
  201c58   201c58        0     1                 
  201c60   201c60        0     1                 
  201c60   201c60        0     1                 
  201c68   201c68        0     1                 
  201c68   201c68        0     1                 
  201c6c   201c6c        0     1                 
  201c70   201c70        0     1                 
  201c78   201c78        0     1                 
  201c78   201c78        0     1                 
  201c80   201c80        0     1                 
  201c80   201c80        0     1                 
  201c84   201c84        0     1                 
  201c88   201c88        0     1                 
  201c90   201c90        0     1                 
  201c90   201c90        0     1                 
  201c94   201c94        0     1                 
  201c94   201c94        0     1                 
  201c98   201c98        0     1                 
  201c9c   201c9c        0     1                 
  201ca4   201ca4        0     1                 
  201ca4   201ca4        0     1                 
  201cb0   201cb0        0     1                 
  201cb0   201cb0        0     1                 
  201cbc   201cbc        0     1                 
  201cbc   201cbc        0     1                 
  201cc0   201cc0        0     1                 
  201cc4   201cc4        0     1                 
  201cc8   201cc8        0     1                 
  201cd0   201cd0        0     1                 
  201cd4   201cd4        0     1                 
  201cd4   201cd4        0     1                 
  201cdc   201cdc        0     1                 
  201ce4   201ce4        0     1                 
  201ce4   201ce4        0     1                 
  201ce8   201ce8        0     1                 
  201cf4   201cf4        0     1                 
  201d04   201d04        0     1                 
  201d04   201d04        0     1                 
  201d10   201d10        0     1                 
  201d10   201d10        0     1                 
  201d1c   201d1c        0     1                 
  201d1c   201d1c        0     1                 
  201d20   201d20        0     1                 
  201d2c   201d2c        0     1                 
  201d2c   201d2c        0     1                 
  201d30   201d30        0     1                 
  201d34   201d34        0     1                 
  201d38   201d38        0     1                 
  201d3c   201d3c        0     1                 
  201d3c   201d3c        0     1                 
  201d48   201d48        0     1                 
  201d48   201d48        0     1                 
  201d54   201d54        0     1                 
  201d54   201d54        0     1                 
  201d6c   201d6c        0     1                 
  201d6c   201d6c        0     1                 
  201d78   201d78        0     1                 
  201d78   201d78        0     1                 
  201d7c   201d7c        0     1                 
  201d7c   201d7c        0     1                 
  201d80   201d80        0     1                 
  201d80   201d80        0     1                 
  201d84   201d84        0     1                 
  201d84   201d84        0     1                 
  201d90   201d90        0     1                 
  201d90   201d90        0     1                 
  201d98   201d98        0     1                 
  201dcc   201dcc        0     1                 
  201dd4   201dd4        0     1                 
  201dd4   201dd4        0     1                 
  201dd4   201dd4        0     1                 
  201dd4   201dd4        0     1                 
  201dd4   201dd4        0     1                 
  201dd4   201dd4      250     1                 cmd_dump
  201de0   201de0        0     1                 
  201de4   201de4        0     1                 
  201dec   201dec        0     1                 
  201df0   201df0        0     1                 
  201df4   201df4        0     1                 
  201df8   201df8        0     1                 
  201dfc   201dfc        0     1                 
  201dfc   201dfc        0     1                 
  201e0c   201e0c        0     1                 
  201e0c   201e0c        0     1                 
  201e10   201e10        0     1                 
  201e14   201e14        0     1                 
  201e14   201e14        0     1                 
  201e20   201e20        0     1                 
  201e24   201e24        0     1                 
  201e28   201e28        0     1                 
  201e2c   201e2c        0     1                 
  201e38   201e38        0     1                 
  201e38   201e38        0     1                 
  201e3c   201e3c        0     1                 
  201e48   201e48        0     1                 
  201e48   201e48        0     1                 
  201e4c   201e4c        0     1                 
  201e5c   201e5c        0     1                 
  201e60   201e60        0     1                 
  201e60   201e60        0     1                 
  201e64   201e64        0     1                 
  201e68   201e68        0     1                 
  201e68   201e68        0     1                 
  201e6c   201e6c        0     1                 
  201e6c   201e6c        0     1                 
  201e7c   201e7c        0     1                 
  201e7c   201e7c        0     1                 
  201e80   201e80        0     1                 
  201e84   201e84        0     1                 
  201e84   201e84        0     1                 
  201e8c   201e8c        0     1                 
  201e94   201e94        0     1                 
  201e98   201e98        0     1                 
  201e9c   201e9c        0     1                 
  201ea8   201ea8        0     1                 
  201ea8   201ea8        0     1                 
  201eac   201eac        0     1                 
  201eb8   201eb8        0     1                 
  201eb8   201eb8        0     1                 
  201ebc   201ebc        0     1                 
  201ec0   201ec0        0     1                 
  201ec4   201ec4        0     1                 
  201ec4   201ec4        0     1                 
  201ec8   201ec8        0     1                 
  201ed0   201ed0        0     1                 
  201ed0   201ed0        0     1                 
  201ed4   201ed4        0     1                 
  201ed8   201ed8        0     1                 
  201edc   201edc        0     1                 
  201edc   201edc        0     1                 
  201ee4   201ee4        0     1                 
  201ee4   201ee4        0     1                 
  201ef8   201ef8        0     1                 
  201f04   201f04        0     1                 
  201f04   201f04        0     1                 
  201f18   201f18        0     1                 
  201f18   201f18        0     1                 
  201f1c   201f1c        0     1                 
  201f1c   201f1c        0     1                 
  201f20   201f20        0     1                 
  201f20   201f20        0     1                 
  201f24   201f24        0     1                 
  201f24   201f24        0     1                 
  201f28   201f28        0     1                 
  201f28   201f28        0     1                 
  201f2c   201f2c        0     1                 
  201f2c   201f2c        0     1                 
  201f30   201f30        0     1                 
  201f34   201f34        0     1                 
  201f34   201f34        0     1                 
  201f44   201f44        0     1                 
  201f54   201f54        0     1                 
  201f68   201f68        0     1                 
  201f68   201f68        0     1                 
  201f74   201f74        0     1                 
  201f74   201f74        0     1                 
  201f88   201f88        0     1                 
  201f88   201f88        0     1                 
  201f8c   201f8c        0     1                 
  201f8c   201f8c        0     1                 
  201f90   201f90        0     1                 
  201f90   201f90        0     1                 
  201f94   201f94        0     1                 
  201f94   201f94        0     1                 
  201f98   201f98        0     1                 
  201f98   201f98        0     1                 
  201f9c   201f9c        0     1                 
  201f9c   201f9c        0     1                 
  201fa0   201fa0        0     1                 
  201fa4   201fa4        0     1                 
  201fa4   201fa4        0     1                 
  201fb4   201fb4        0     1                 
  201fc4   201fc4        0     1                 
  201fd4   201fd4        0     1                 
  201fd4   201fd4        0     1                 
  201fd8   201fd8        0     1                 
  201fe4   201fe4        0     1                 
  201fe8   201fe8        0     1                 
  202000   202000        0     1                 
  202000   202000        0     1                 
  202004   202004        0     1                 
  202004   202004        0     1                 
  202010   202010        0     1                 
  202010   202010        0     1                 
  202018   202018        0     1                 
  202018   202018        0     1                 
  202024   202024        0     1                 
  202024   202024        0     1                 
  202024   202024        0     1                 
  202024   202024      634     4         /tmp/synap_api-4349df.o:(.text)
  202024   202024        0     1                 
  202024   202024        0     1                 
  202024   202024        0     1                 $x.0
  202024   202024        0     1                 
  202024   202024      2d0     1                 sa_run
  202070   202070        0     1                 
  202078   202078        0     1                 
  202080   202080        0     1                 
  202088   202088        0     1                 
  20208c   20208c        0     1                 
  202094   202094        0     1                 
  202098   202098        0     1                 
  202098   202098        0     1                 
  20209c   20209c        0     1                 
  2020a0   2020a0        0     1                 
  2020b4   2020b4        0     1                 
  2020b8   2020b8        0     1                 
  202134   202134        0     1                 
  202138   202138        0     1                 
  202138   202138        0     1                 
  202140   202140        0     1                 
  202148   202148        0     1                 
  202148   202148        0     1                 
  202154   202154        0     1                 
  202154   202154        0     1                 
  20215c   20215c        0     1                 
  20215c   20215c        0     1                 
  202160   202160        0     1                 
  202168   202168        0     1                 
  202168   202168        0     1                 
  20216c   20216c        0     1                 
  202174   202174        0     1                 
  202174   202174        0     1                 
  202178   202178        0     1                 
  202180   202180        0     1                 
  202180   202180        0     1                 
  202194   202194        0     1                 
  202194   202194        0     1                 
  20219c   20219c        0     1                 
  2021a0   2021a0        0     1                 
  2021a0   2021a0        0     1                 
  2021b0   2021b0        0     1                 
  2021b8   2021b8        0     1                 
  2021bc   2021bc        0     1                 
  2021bc   2021bc        0     1                 
  2021c0   2021c0        0     1                 
  2021c4   2021c4        0     1                 
  2021c4   2021c4        0     1                 
  2021cc   2021cc        0     1                 
  2021cc   2021cc        0     1                 
  2021d0   2021d0        0     1                 
  2021d0   2021d0        0     1                 
  2021d4   2021d4        0     1                 
  2021d4   2021d4        0     1                 
  2021d8   2021d8        0     1                 
  2021dc   2021dc        0     1                 
  2021dc   2021dc        0     1                 
  2021e0   2021e0        0     1                 
  2021e0   2021e0        0     1                 
  2021e4   2021e4        0     1                 
  2021e4   2021e4        0     1                 
  2021e8   2021e8        0     1                 
  2021e8   2021e8        0     1                 
  2021ec   2021ec        0     1                 
  2021ec   2021ec        0     1                 
  2021f0   2021f0        0     1                 
  2021f0   2021f0        0     1                 
  2021f4   2021f4        0     1                 
  2021f4   2021f4        0     1                 
  2021f8   2021f8        0     1                 
  2021fc   2021fc        0     1                 
  202208   202208        0     1                 
  202208   202208        0     1                 
  202210   202210        0     1                 
  202218   202218        0     1                 
  202218   202218        0     1                 
  20221c   20221c        0     1                 
  20221c   20221c        0     1                 
  202220   202220        0     1                 
  202224   202224        0     1                 
  20222c   20222c        0     1                 
  202230   202230        0     1                 
  202230   202230        0     1                 
  202234   202234        0     1                 
  202234   202234        0     1                 
  202238   202238        0     1                 
  202238   202238        0     1                 
  20223c   20223c        0     1                 
  20223c   20223c        0     1                 
  202240   202240        0     1                 
  202240   202240        0     1                 
  202244   202244        0     1                 
  202248   202248        0     1                 
  20224c   20224c        0     1                 
  202250   202250        0     1                 
  202254   202254        0     1                 
  202254   202254        0     1                 
  202258   202258        0     1                 
  202258   202258        0     1                 
  20225c   20225c        0     1                 
  20225c   20225c        0     1                 
  202260   202260        0     1                 
  202260   202260        0     1                 
  202264   202264        0     1                 
  202264   202264        0     1                 
  202270   202270        0     1                 
  202274   202274        0     1                 
  202274   202274        0     1                 
  202278   202278        0     1                 
  202278   202278        0     1                 
  20227c   20227c        0     1                 
  202280   202280        0     1                 
  202280   202280        0     1                 
  202284   202284        0     1                 
  202288   202288        0     1                 
  20228c   20228c        0     1                 
  20228c   20228c        0     1                 
  202290   202290        0     1                 
  202298   202298        0     1                 
  202298   202298        0     1                 
  20229c   20229c        0     1                 
  20229c   20229c        0     1                 
  2022a0   2022a0        0     1                 
  2022a0   2022a0        0     1                 
  2022a4   2022a4        0     1                 
  2022a4   2022a4        0     1                 
  2022a8   2022a8        0     1                 
  2022a8   2022a8        0     1                 
  2022ac   2022ac        0     1                 
  2022b0   2022b0        0     1                 
  2022b0   2022b0        0     1                 
  2022b4   2022b4        0     1                 
  2022b4   2022b4        0     1                 
  2022b8   2022b8        0     1                 
  2022b8   2022b8        0     1                 
  2022c8   2022c8        0     1                 
  2022ec   2022ec        0     1                 
  2022f4   2022f4        0     1                 
  2022f4   2022f4        0     1                 
  2022f4   2022f4        0     1                 
  2022f4   2022f4        0     1                 
  2022f4   2022f4        0     1                 
  2022f4   2022f4       34     1                 rand32
  2022fc   2022fc        0     1                 
  202300   202300        0     1                 
  202308   202308        0     1                 
  20230c   20230c        0     1                 
  202310   202310        0     1                 
  202314   202314        0     1                 
  202318   202318        0     1                 
  20231c   20231c        0     1                 
[...]
  202a5c   202a5c       2c     1                 __mulsi3
  202a64   202a64        0     1                 .LBB0_1
  202a80   202a80        0     1                 .LBB0_2
  202a88   202a88      17c     4         ./build/divmodsi3.o:(.text)
  202a88   202a88        0     1                 $x.0
  202a88   202a88       5c     1                 __udivsi3
  202aa0   202aa0        0     1                 .LBB0_2
  202adc   202adc        0     1                 .LBB0_4
  202ae4   202ae4       40     1                 __umodsi3
  202af4   202af4        0     1                 .LBB1_2
  202b1c   202b1c        0     1                 .LBB1_3
  202b24   202b24       80     1                 __divsi3
  202b54   202b54        0     1                 .LBB2_2
  202b94   202b94        0     1                 .LBB2_5
  202b9c   202b9c        0     1                 .LBB2_6
  202ba4   202ba4       60     1                 __modsi3
  202bcc   202bcc        0     1                 .LBB3_2
  202bfc   202bfc        0     1                 .LBB3_5
  202c08   202c08    22afb     8 .rodata
  202c08   202c08       30     8         /tmp/kernel-ed2658.o:(.rodata)
  202c08   202c08        0     1                 .LJTI12_0
  202c08   202c08        0     1                 $d.1
  202c30   202c30        8     1                 .L__const.kernel_main.argv
  202c38   202c38      73b     1         <internal>:(.rodata.str1.1)
  203373   203373    22390     1         ./build/shell.bin.o:(.rodata)
  203373   203373        0     1                 _binary_shell_bin_start
  225703   225703        0     1                 _binary_shell_bin_end
  225708   225708    1040c     8 .bss
  225708   225708        0     1         __bss = .
  225708   225708       28     8         /tmp/kernel-ed2658.o:(.sbss)
  225708   225708        1     1                 alloc_pages.initialized
  225708   225708        0     1                 $d.3
  22570c   22570c        4     1                 alloc_pages.next_paddr
  225710   225710        4     1                 idle_proc
  225714   225714        4     1                 current_proc
  225718   225718        4     1                 blk_request_vq
  22571c   22571c        4     1                 blk_req
  225720   225720        4     1                 blk_req_paddr
  225728   225728        8     1                 blk_capacity
  225730   225730    10080     4         /tmp/kernel-ed2658.o:(.bss)
  225730   225730        0     1                 $d.5
  225730   225730    10080     1                 procs
  2357b0   2357b0        4     4         /tmp/synap_api-4349df.o:(.sbss)
  2357b0   2357b0        4     1                 lfsr
  2357b0   2357b0        0     1                 $d.1
  2357b4   2357b4      360     4         /tmp/synap_api-4349df.o:(.bss)
  2357b4   2357b4       90     1                 s_call_sa_api.A_mat
  2357b4   2357b4        0     1                 $d.2
  235844   235844       90     1                 s_call_sa_api.B_mat
  2358d4   2358d4      240     1                 s_call_sa_api.C_mat
  235b14   235b14        0     1         __bss_end = .
  235b14   235b14        0     1 . = ALIGN ( 4 )
  235b14   235b14    20000     1 . += 128 * 1024
  255b14   255b14        0     1 __kernel_stack_top = .
  255b14   255b14      4ec     1 . = ALIGN ( 4096 )
  256000   256000        0     1 __free_ram = .
  256000   256000   100000     1 . += 1 * 1024 * 1024
  356000   356000        0     1 __free_ram_end = .
       0        0     247a     1 .debug_loc
       0        0     1065     1         /tmp/kernel-ed2658.o:(.debug_loc)
       0        0        0     1                 
       0        0        0     1                 $d.6
      1b       1b        0     1                 
      36       36        0     1                 
      67       67        0     1                 
      8d       8d        0     1                 
      d4       d4        0     1                 
     11b      11b        0     1                 
     136      136        0     1                 
     151      151        0     1                 
     16c      16c        0     1                 
     192      192        0     1                 
     1c3      1c3        0     1                 
     2b0      2b0        0     1                 
     2d7      2d7        0     1                 
     328      328        0     1                 
     344      344        0     1                 
     35f      35f        0     1                 
     385      385        0     1                 
     3a0      3a0        0     1                 
     3c1      3c1        0     1                 
     3dc      3dc        0     1                 
     3f7      3f7        0     1                 
     412      412        0     1                 
     42e      42e        0     1                 
     449      449        0     1                 
     46a      46a        0     1                 
     485      485        0     1                 
     4a0      4a0        0     1                 
     4bb      4bb        0     1                 
     4d7      4d7        0     1                 
     4f2      4f2        0     1                 
     511      511        0     1                 
     52c      52c        0     1                 
     547      547        0     1                 
     562      562        0     1                 
     57f      57f        0     1                 
     59a      59a        0     1                 
     5b9      5b9        0     1                 
     5d4      5d4        0     1                 
     5ef      5ef        0     1                 
     60a      60a        0     1                 
     627      627        0     1                 
     642      642        0     1                 
     663      663        0     1                 
     67e      67e        0     1                 
     699      699        0     1                 
     6b4      6b4        0     1                 
     6d0      6d0        0     1                 
     6eb      6eb        0     1                 
     711      711        0     1                 
     741      741        0     1                 
     75c      75c        0     1                 
     784      784        0     1                 
     7aa      7aa        0     1                 
     7d0      7d0        0     1                 
     800      800        0     1                 
     828      828        0     1                 
     84e      84e        0     1                 
     869      869        0     1                 
     8d1      8d1        0     1                 
     956      956        0     1                 
     97c      97c        0     1                 
     997      997        0     1                 
     9ff      9ff        0     1                 
     a29      a29        0     1                 
     a44      a44        0     1                 
     a5f      a5f        0     1                 
     a7a      a7a        0     1                 
     a95      a95        0     1                 
     abb      abb        0     1                 
     ad6      ad6        0     1                 
     b07      b07        0     1                 
     b38      b38        0     1                 
     b69      b69        0     1                 
     b8f      b8f        0     1                 
     bc0      bc0        0     1                 
     bf1      bf1        0     1                 
     c17      c17        0     1                 
     c6c      c6c        0     1                 
     c92      c92        0     1                 
     cc3      cc3        0     1                 
     ce9      ce9        0     1                 
     d05      d05        0     1                 
     d7f      d7f        0     1                 
     da5      da5        0     1                 
     dc1      dc1        0     1                 
     de7      de7        0     1                 
     e02      e02        0     1                 
     e1d      e1d        0     1                 
     e4e      e4e        0     1                 
     e74      e74        0     1                 
     ea8      ea8        0     1                 
     ece      ece        0     1                 
     f13      f13        0     1                 
     f56      f56        0     1                 
     f71      f71        0     1                 
     fa2      fa2        0     1                 
     fe3      fe3        0     1                 
    1009     1009        0     1                 
    102f     102f        0     1                 
    104a     104a        0     1                 
    1065     1065      8d1     1         /tmp/common-3edf04.o:(.debug_loc)
    1065     1065        0     1                 
    1065     1065        0     1                 $d.2
    1078     1078        0     1                 
    10ac     10ac        0     1                 
    10c1     10c1        0     1                 
    10f5     10f5        0     1                 
    110a     110a        0     1                 
    1133     1133        0     1                 
    115e     115e        0     1                 
    1192     1192        0     1                 
    11b0     11b0        0     1                 
    11ce     11ce        0     1                 
    11e1     11e1        0     1                 
    1278     1278        0     1                 
    1296     1296        0     1                 
    12ca     12ca        0     1                 
    1302     1302        0     1                 
    137f     137f        0     1                 
    1392     1392        0     1                 
    13f2     13f2        0     1                 
    141d     141d        0     1                 
    1490     1490        0     1                 
    14ba     14ba        0     1                 
    14d8     14d8        0     1                 
    14eb     14eb        0     1                 
    1509     1509        0     1                 
    1527     1527        0     1                 
    1546     1546        0     1                 
    1564     1564        0     1                 
    1583     1583        0     1                 
    15a1     15a1        0     1                 
    161e     161e        0     1                 
    167e     167e        0     1                 
    16ce     16ce        0     1                 
    16e1     16e1        0     1                 
    170a     170a        0     1                 
    1733     1733        0     1                 
    1780     1780        0     1                 
    17ba     17ba        0     1                 
    1815     1815        0     1                 
    1870     1870        0     1                 
    1884     1884        0     1                 
    1898     1898        0     1                 
    18b6     18b6        0     1                 
    18d4     18d4        0     1                 
    18e7     18e7        0     1                 
    1905     1905        0     1                 
    1923     1923        0     1                 
    1936     1936      578     1         /tmp/synap_api-4349df.o:(.debug_loc)
    1936     1936        0     1                 
    1936     1936        0     1                 $d.4
    1955     1955        0     1                 
    1973     1973        0     1                 
    1991     1991        0     1                 
    19b0     19b0        0     1                 
    19e7     19e7        0     1                 
    1a11     1a11        0     1                 
    1a5a     1a5a        0     1                 
    1a89     1a89        0     1                 
    1ad2     1ad2        0     1                 
    1b01     1b01        0     1                 
    1b14     1b14        0     1                 
    1b27     1b27        0     1                 
    1b56     1b56        0     1                 
    1b76     1b76        0     1                 
    1b94     1b94        0     1                 
    1bc3     1bc3        0     1                 
    1be3     1be3        0     1                 
    1c01     1c01        0     1                 
    1c1f     1c1f        0     1                 
    1c32     1c32        0     1                 
    1c45     1c45        0     1                 
    1c58     1c58        0     1                 
    1ca1     1ca1        0     1                 
    1cd0     1cd0        0     1                 
    1d15     1d15        0     1                 
    1d33     1d33        0     1                 
    1d5e     1d5e        0     1                 
    1e0f     1e0f        0     1                 
    1e2f     1e2f        0     1                 
    1e44     1e44        0     1                 
    1e64     1e64        0     1                 
    1e79     1e79        0     1                 
    1e99     1e99        0     1                 
    1eae     1eae      5cc     1         /tmp/sdcard_api-3da72b.o:(.debug_loc)
    1eae     1eae        0     1                 
    1eae     1eae        0     1                 $d.2
    1ed7     1ed7        0     1                 
    1f02     1f02        0     1                 
    1f31     1f31        0     1                 
    1f4f     1f4f        0     1                 
    1f71     1f71        0     1                 
    1f9e     1f9e        0     1                 
    2076     2076        0     1                 
    20a3     20a3        0     1                 
    20d0     20d0        0     1                 
    2342     2342        0     1                 
    2355     2355        0     1                 
    2380     2380        0     1                 
    23d5     23d5        0     1                 
    2445     2445        0     1                 
    2458     2458        0     1                 
       0        0      907     1 .debug_abbrev
       0        0      34a     1         /tmp/kernel-ed2658.o:(.debug_abbrev)
       0        0        0     1                 $d.7
     34a      34a      262     1         /tmp/common-3edf04.o:(.debug_abbrev)
     34a      34a        0     1                 $d.3
     5ac      5ac      1da     1         /tmp/synap_api-4349df.o:(.debug_abbrev)
     5ac      5ac        0     1                 $d.5
     786      786      181     1         /tmp/sdcard_api-3da72b.o:(.debug_abbrev)
     786      786        0     1                 $d.3
       0        0     2b06     1 .debug_info
       0        0     17a2     1         /tmp/kernel-ed2658.o:(.debug_info)
       0        0        0     1                 $d.8
    17a2     17a2      842     1         /tmp/common-3edf04.o:(.debug_info)
    17a2     17a2        0     1                 $d.4
    1fe4     1fe4      789     1         /tmp/synap_api-4349df.o:(.debug_info)
    1fe4     1fe4        0     1                 $d.6
    276d     276d      399     1         /tmp/sdcard_api-3da72b.o:(.debug_info)
    276d     276d        0     1                 $d.4
       0        0      438     1 .debug_ranges
       0        0      180     1         /tmp/kernel-ed2658.o:(.debug_ranges)
       0        0        0     1                 
       0        0        0     1                 $d.9
      18       18        0     1                 
      30       30        0     1                 
      48       48        0     1                 
      60       60        0     1                 
      78       78        0     1                 
      90       90        0     1                 
      a8       a8        0     1                 
      c0       c0        0     1                 
      d8       d8        0     1                 
      f0       f0        0     1                 
     108      108        0     1                 
     128      128        0     1                 
     140      140        0     1                 
     160      160        0     1                 
     180      180      158     1         /tmp/common-3edf04.o:(.debug_ranges)
     180      180        0     1                 
     180      180        0     1                 $d.5
     198      198        0     1                 
     1b8      1b8        0     1                 
     1d0      1d0        0     1                 
     1e8      1e8        0     1                 
     200      200        0     1                 
     218      218        0     1                 
     238      238        0     1                 
     258      258        0     1                 
     278      278        0     1                 
     298      298        0     1                 
     2b8      2b8        0     1                 
     2d8      2d8       f8     1         /tmp/synap_api-4349df.o:(.debug_ranges)
     2d8      2d8        0     1                 
     2d8      2d8        0     1                 $d.7
     2f0      2f0        0     1                 
     308      308        0     1                 
     320      320        0     1                 
     338      338        0     1                 
     350      350        0     1                 
     368      368        0     1                 
     380      380        0     1                 
     3a0      3a0        0     1                 
     3b8      3b8        0     1                 
     3d0      3d0       68     1         /tmp/sdcard_api-3da72b.o:(.debug_ranges)
     3d0      3d0        0     1                 
     3d0      3d0        0     1                 $d.5
     3e8      3e8        0     1                 
     408      408        0     1                 
     420      420        0     1                 
       0        0      703     1 .debug_str
       0        0      703     1         <internal>:(.debug_str)
       0        0       42     1 .comment
       0        0       42     1         <internal>:(.comment)
       0        0       25     1 .riscv.attributes
       0        0       25     1         <internal>:(.riscv.attributes)
       0        0      350     4 .debug_frame
       0        0      1bc     4         /tmp/kernel-ed2658.o:(.debug_frame)
       0        0        0     1                 
       0        0        0     1                 $d.13
     1bc      1bc       d8     4         /tmp/common-3edf04.o:(.debug_frame)
     1bc      1bc        0     1                 
     1bc      1bc        0     1                 $d.9
     294      294       78     4         /tmp/synap_api-4349df.o:(.debug_frame)
     294      294        0     1                 
     294      294        0     1                 $d.11
     30c      30c       44     4         /tmp/sdcard_api-3da72b.o:(.debug_frame)
     30c      30c        0     1                 
     30c      30c        0     1                 $d.9
       0        0     2404     1 .debug_line
       0        0     119b     1         /tmp/kernel-ed2658.o:(.debug_line)
       0        0        0     1                 .Lline_table_start0
       0        0        0     1                 $d.14
    119b     119b      972     1         /tmp/common-3edf04.o:(.debug_line)
    119b     119b        0     1                 .Lline_table_start0
    119b     119b        0     1                 $d.10
    1b0d     1b0d      5f4     1         /tmp/synap_api-4349df.o:(.debug_line)
    1b0d     1b0d        0     1                 .Lline_table_start0
    1b0d     1b0d        0     1                 $d.12
    2101     2101      303     1         /tmp/sdcard_api-3da72b.o:(.debug_line)
    2101     2101        0     1                 .Lline_table_start0
    2101     2101        0     1                 $d.10
       0        0     9f20     4 .symtab
       0        0     9f20     4         <internal>:(.symtab)
       0        0       a0     1 .shstrtab
       0        0       a0     1         <internal>:(.shstrtab)
       0        0      437     1 .strtab
       0        0      437     1         <internal>:(.strtab)
