     VMA      LMA     Size Align Out     In      Symbol
       0        0        0     1 
       0        0        0     1 USER_BASE = DEFINED ( USER_BASE ) ? USER_BASE : 0x00400000
       0        0        0     1 USER_MAX = USER_BASE + 0x00100000
       0        0   400000     1 . = USER_BASE
  400000   400000     1294     4 .text
  400000   400000       1c     4         /tmp/user-1cba1c.o:(.text.start)
  400000   400000        0     1                 
  400000   400000        0     1                 
  400000   400000        0     1                 $x.1
  400000   400000        0     1                 
  400000   400000       1c     1                 start
  40001c   40001c        0     1                 
  40001c   40001c      7f4     4         /tmp/shell-4190cf.o:(.text)
  40001c   40001c        0     1                 
  40001c   40001c        0     1                 
  40001c   40001c        0     1                 $x.0
  40001c   40001c        0     1                 
  40001c   40001c      66c     1                 main
  400054   400054        0     1                 
  400064   400064        0     1                 
  400064   400064        0     1                 
  400154   400154        0     1                 
  40015c   40015c        0     1                 
  400160   400160        0     1                 
  400160   400160        0     1                 
  40016c   40016c        0     1                 
  40016c   40016c        0     1                 
  400178   400178        0     1                 
  400178   400178        0     1                 
  400184   400184        0     1                 
  400184   400184        0     1                 
  400190   400190        0     1                 
  400190   400190        0     1                 
  40019c   40019c        0     1                 
  40019c   40019c        0     1                 
  4001a8   4001a8        0     1                 
  4001a8   4001a8        0     1                 
  4001b4   4001b4        0     1                 
  4001b4   4001b4        0     1                 
  4001c0   4001c0        0     1                 
  4001c0   4001c0        0     1                 
  4001cc   4001cc        0     1                 
  4001cc   4001cc        0     1                 
  4001d8   4001d8        0     1                 
  4001d8   4001d8        0     1                 
  4001e4   4001e4        0     1                 
  4001e4   4001e4        0     1                 
  4001f0   4001f0        0     1                 
  4001f0   4001f0        0     1                 
  4001fc   4001fc        0     1                 
  4001fc   4001fc        0     1                 
  400208   400208        0     1                 
  400208   400208        0     1                 
  400214   400214        0     1                 
  400214   400214        0     1                 
  400220   400220        0     1                 
  400220   400220        0     1                 
  40022c   40022c        0     1                 
  40022c   40022c        0     1                 
  400234   400234        0     1                 
  400234   400234        0     1                 
  400238   400238        0     1                 
  40023c   40023c        0     1                 
  40023c   40023c        0     1                 
  400244   400244        0     1                 
  400244   400244        0     1                 
  40024c   40024c        0     1                 
  400254   400254        0     1                 
  40025c   40025c        0     1                 
  400260   400260        0     1                 
  400268   400268        0     1                 
  400270   400270        0     1                 
  400274   400274        0     1                 
  400278   400278        0     1                 
  400280   400280        0     1                 
  400284   400284        0     1                 
  400288   400288        0     1                 
  400290   400290        0     1                 
  400290   400290        0     1                 
  40029c   40029c        0     1                 
  40029c   40029c        0     1                 
  4002ac   4002ac        0     1                 
  4002b0   4002b0        0     1                 
  4002b0   4002b0        0     1                 
  4002b4   4002b4        0     1                 
  4002bc   4002bc        0     1                 
  4002bc   4002bc        0     1                 
  4002c0   4002c0        0     1                 
  4002c8   4002c8        0     1                 
  4002c8   4002c8        0     1                 
  4002cc   4002cc        0     1                 
  4002d0   4002d0        0     1                 
  4002d0   4002d0        0     1                 
  4002d4   4002d4        0     1                 
  4002dc   4002dc        0     1                 
  4002e8   4002e8        0     1                 
  4002f0   4002f0        0     1                 
  4002f0   4002f0        0     1                 
  4002f4   4002f4        0     1                 
  4002f4   4002f4        0     1                 
  4002fc   4002fc        0     1                 
  400300   400300        0     1                 
  400304   400304        0     1                 
  400308   400308        0     1                 
  400314   400314        0     1                 
  400318   400318        0     1                 
  40031c   40031c        0     1                 
  400328   400328        0     1                 
  400328   400328        0     1                 
  400330   400330        0     1                 
  400330   400330        0     1                 
  400334   400334        0     1                 
  400338   400338        0     1                 
  400340   400340        0     1                 
  40034c   40034c        0     1                 
  400350   400350        0     1                 
  400360   400360        0     1                 
  400360   400360        0     1                 
  400364   400364        0     1                 
  400374   400374        0     1                 
  400374   400374        0     1                 
  400378   400378        0     1                 
  400388   400388        0     1                 
  400388   400388        0     1                 
  40038c   40038c        0     1                 
  40039c   40039c        0     1                 
  40039c   40039c        0     1                 
  4003a0   4003a0        0     1                 
  4003b0   4003b0        0     1                 
  4003b0   4003b0        0     1                 
  4003b4   4003b4        0     1                 
  4003c4   4003c4        0     1                 
  4003c4   4003c4        0     1                 
  4003c8   4003c8        0     1                 
  4003d8   4003d8        0     1                 
  4003d8   4003d8        0     1                 
  4003dc   4003dc        0     1                 
  4003ec   4003ec        0     1                 
  4003ec   4003ec        0     1                 
  4003f0   4003f0        0     1                 
  400400   400400        0     1                 
  400400   400400        0     1                 
  400404   400404        0     1                 
  400408   400408        0     1                 
  400414   400414        0     1                 
  400414   400414        0     1                 
  40041c   40041c        0     1                 
  400420   400420        0     1                 
  400420   400420        0     1                 
  400424   400424        0     1                 
  400428   400428        0     1                 
  400428   400428        0     1                 
  40042c   40042c        0     1                 
  40042c   40042c        0     1                 
  400438   400438        0     1                 
  400438   400438        0     1                 
  40043c   40043c        0     1                 
  40043c   40043c        0     1                 
  400440   400440        0     1                 
  400450   400450        0     1                 
  400454   400454        0     1                 
  400460   400460        0     1                 
  400460   400460        0     1                 
  400464   400464        0     1                 
  400464   400464        0     1                 
  40046c   40046c        0     1                 
  400470   400470        0     1                 
  400470   400470        0     1                 
  400474   400474        0     1                 
  400478   400478        0     1                 
  400480   400480        0     1                 
  400480   400480        0     1                 
  400484   400484        0     1                 
  400488   400488        0     1                 
  40048c   40048c        0     1                 
  40048c   40048c        0     1                 
  400494   400494        0     1                 
  400494   400494        0     1                 
  400498   400498        0     1                 
  400498   400498        0     1                 
  40049c   40049c        0     1                 
  4004a0   4004a0        0     1                 
  4004a8   4004a8        0     1                 
  4004a8   4004a8        0     1                 
  4004ac   4004ac        0     1                 
  4004ac   4004ac        0     1                 
  4004b8   4004b8        0     1                 
  4004b8   4004b8        0     1                 
  4004c0   4004c0        0     1                 
  4004c8   4004c8        0     1                 
  4004c8   4004c8        0     1                 
  4004d0   4004d0        0     1                 
  4004d0   4004d0        0     1                 
  4004d4   4004d4        0     1                 
  4004d4   4004d4        0     1                 
  4004d8   4004d8        0     1                 
  4004d8   4004d8        0     1                 
  4004dc   4004dc        0     1                 
  4004dc   4004dc        0     1                 
  4004e8   4004e8        0     1                 
  4004e8   4004e8        0     1                 
  4004ec   4004ec        0     1                 
  4004f0   4004f0        0     1                 
  4004f8   4004f8        0     1                 
  4004f8   4004f8        0     1                 
  400500   400500        0     1                 
  400500   400500        0     1                 
  400504   400504        0     1                 
  400508   400508        0     1                 
  400508   400508        0     1                 
  400510   400510        0     1                 
  400510   400510        0     1                 
  400514   400514        0     1                 
  400514   400514        0     1                 
  40051c   40051c        0     1                 
  40051c   40051c        0     1                 
  400520   400520        0     1                 
  40052c   40052c        0     1                 
  400540   400540        0     1                 
  400550   400550        0     1                 
  400554   400554        0     1                 
  400554   400554        0     1                 
  40055c   40055c        0     1                 
  40055c   40055c        0     1                 
  400560   400560        0     1                 
  400560   400560        0     1                 
  400564   400564        0     1                 
  400564   400564        0     1                 
  400568   400568        0     1                 
  400568   400568        0     1                 
  40056c   40056c        0     1                 
  40056c   40056c        0     1                 
  400570   400570        0     1                 
  400570   400570        0     1                 
  400574   400574        0     1                 
  400574   400574        0     1                 
  400578   400578        0     1                 
  400578   400578        0     1                 
  400588   400588        0     1                 
  40059c   40059c        0     1                 
  4005ac   4005ac        0     1                 
  4005ac   4005ac        0     1                 
  4005b4   4005b4        0     1                 
  4005b8   4005b8        0     1                 
  4005b8   4005b8        0     1                 
  4005bc   4005bc        0     1                 
  4005bc   4005bc        0     1                 
  4005c0   4005c0        0     1                 
  4005c0   4005c0        0     1                 
  4005c4   4005c4        0     1                 
  4005c4   4005c4        0     1                 
  4005c8   4005c8        0     1                 
  4005d8   4005d8        0     1                 
  4005dc   4005dc        0     1                 
  4005e8   4005e8        0     1                 
  4005e8   4005e8        0     1                 
  4005ec   4005ec        0     1                 
  4005ec   4005ec        0     1                 
  4005f4   4005f4        0     1                 
  4005f4   4005f4        0     1                 
  4005f8   4005f8        0     1                 
  4005f8   4005f8        0     1                 
  400600   400600        0     1                 
  400600   400600        0     1                 
  400604   400604        0     1                 
  400604   400604        0     1                 
  40060c   40060c        0     1                 
  40060c   40060c        0     1                 
  400610   400610        0     1                 
  400618   400618        0     1                 
  40061c   40061c        0     1                 
  40061c   40061c        0     1                 
  400624   400624        0     1                 
  400624   400624        0     1                 
  400628   400628        0     1                 
  400628   400628        0     1                 
  40062c   40062c        0     1                 
  40062c   40062c        0     1                 
  400630   400630        0     1                 
  400630   400630        0     1                 
  400634   400634        0     1                 
  400634   400634        0     1                 
  400638   400638        0     1                 
  400638   400638        0     1                 
  40063c   40063c        0     1                 
  400640   400640        0     1                 
  400640   400640        0     1                 
  400650   400650        0     1                 
  400664   400664        0     1                 
  400674   400674        0     1                 
  400674   400674        0     1                 
  40067c   40067c        0     1                 
  40067c   40067c        0     1                 
  400680   400680        0     1                 
  400680   400680        0     1                 
  400688   400688        0     1                 
  400688   400688        0     1                 
  400688   400688        0     1                 
  400688   400688        0     1                 
  400688   400688        0     1                 
  400688   400688        0     1                 
  400688   400688       cc     1                 parse_hex
  400698   400698        0     1                 
  40069c   40069c        0     1                 
  40069c   40069c        0     1                 
  4006a0   4006a0        0     1                 
  4006a8   4006a8        0     1                 
  4006ac   4006ac        0     1                 
  4006b0   4006b0        0     1                 
  4006b4   4006b4        0     1                 
  4006c0   4006c0        0     1                 
  4006c0   4006c0        0     1                 
  4006c4   4006c4        0     1                 
  4006c4   4006c4        0     1                 
  4006cc   4006cc        0     1                 
  4006cc   4006cc        0     1                 
  4006d0   4006d0        0     1                 
  4006d0   4006d0        0     1                 
  4006d4   4006d4        0     1                 
  4006d8   4006d8        0     1                 
  4006dc   4006dc        0     1                 
  4006dc   4006dc        0     1                 
  4006e0   4006e0        0     1                 
  4006e8   4006e8        0     1                 
  4006e8   4006e8        0     1                 
  4006fc   4006fc        0     1                 
  4006fc   4006fc        0     1                 
  400700   400700        0     1                 
  400700   400700        0     1                 
  400704   400704        0     1                 
  400704   400704        0     1                 
  400708   400708        0     1                 
  400708   400708        0     1                 
  40070c   40070c        0     1                 
  40070c   40070c        0     1                 
  400710   400710        0     1                 
  400710   400710        0     1                 
  400714   400714        0     1                 
  400714   400714        0     1                 
  400718   400718        0     1                 
  400718   400718        0     1                 
  400728   400728        0     1                 
  400738   400738        0     1                 
  400748   400748        0     1                 
  400748   400748        0     1                 
  40074c   40074c        0     1                 
  400750   400750        0     1                 
  400754   400754        0     1                 
  400754   400754        0     1                 
  400754   400754        0     1                 
  400754   400754        0     1                 
  400754   400754        0     1                 
  400754   400754       bc     1                 cmd_primes
  400774   400774        0     1                 
  400778   400778        0     1                 
  400778   400778        0     1                 
  40077c   40077c        0     1                 
  400788   400788        0     1                 
  400788   400788        0     1                 
  40078c   40078c        0     1                 
  400790   400790        0     1                 
  40079c   40079c        0     1                 
  40079c   40079c        0     1                 
  4007a0   4007a0        0     1                 
  4007b0   4007b0        0     1                 
  4007b0   4007b0        0     1                 
  4007b4   4007b4        0     1                 
  4007bc   4007bc        0     1                 
  4007c8   4007c8        0     1                 
  4007c8   4007c8        0     1                 
  4007cc   4007cc        0     1                 
  4007cc   4007cc        0     1                 
  4007d0   4007d0        0     1                 
  4007d4   4007d4        0     1                 
  4007e0   4007e0        0     1                 
  4007e0   4007e0        0     1                 
  4007f8   4007f8        0     1                 
  4007f8   4007f8        0     1                 
  400804   400804        0     1                 
  400810   400810        0     1                 
  400810   400810        0     1                 
  400810   400810        0     1                 
  400810   400810      8dc     4         /tmp/user-1cba1c.o:(.text)
  400810   400810        0     1                 
  400810   400810        0     1                 
  400810   400810        0     1                 $x.0
  400810   400810        0     1                 
  400810   400810       18     1                 exit
  400824   400824        0     1                 
  400828   400828        0     1                 
  400828   400828        0     1                 
  400828   400828        0     1                 
  400828   400828      380     1                 call_sa_api
  40084c   40084c        0     1                 
  40084c   40084c        0     1                 
  400850   400850        0     1                 
  400864   400864        0     1                 
  400864   400864        0     1                 
  40088c   40088c        0     1                 
  40088c   40088c        0     1                 
  400894   400894        0     1                 
  400898   400898        0     1                 
  40089c   40089c        0     1                 
  4008a0   4008a0        0     1                 
  4008a0   4008a0        0     1                 
  4008b4   4008b4        0     1                 
  4008b4   4008b4        0     1                 
  4008b8   4008b8        0     1                 
  4008c8   4008c8        0     1                 
  4008c8   4008c8        0     1                 
  4008cc   4008cc        0     1                 
  4008d4   4008d4        0     1                 
  4008e8   4008e8        0     1                 
  4008e8   4008e8        0     1                 
  400904   400904        0     1                 
  400904   400904        0     1                 
  400908   400908        0     1                 
  400908   400908        0     1                 
  400918   400918        0     1                 
  400918   400918        0     1                 
  400924   400924        0     1                 
  400924   400924        0     1                 
  400928   400928        0     1                 
  400928   400928        0     1                 
  400938   400938        0     1                 
  400938   400938        0     1                 
  400954   400954        0     1                 
  400954   400954        0     1                 
  400958   400958        0     1                 
  400958   400958        0     1                 
  400964   400964        0     1                 
  400964   400964        0     1                 
  400970   400970        0     1                 
  400970   400970        0     1                 
  400978   400978        0     1                 
  400978   400978        0     1                 
  400984   400984        0     1                 
  400988   400988        0     1                 
  400994   400994        0     1                 
  400994   400994        0     1                 
  400998   400998        0     1                 
  4009a0   4009a0        0     1                 
  4009b4   4009b4        0     1                 
  4009b4   4009b4        0     1                 
  4009d4   4009d4        0     1                 
  4009d4   4009d4        0     1                 
  4009e4   4009e4        0     1                 
  4009e4   4009e4        0     1                 
  4009f0   4009f0        0     1                 
  4009f0   4009f0        0     1                 
  4009f4   4009f4        0     1                 
  4009f4   4009f4        0     1                 
  400a04   400a04        0     1                 
  400a04   400a04        0     1                 
  400a10   400a10        0     1                 
  400a10   400a10        0     1                 
  400a1c   400a1c        0     1                 
  400a1c   400a1c        0     1                 
  400a20   400a20        0     1                 
  400a20   400a20        0     1                 
  400a34   400a34        0     1                 
  400a34   400a34        0     1                 
  400a50   400a50        0     1                 
  400a50   400a50        0     1                 
  400a54   400a54        0     1                 
  400a54   400a54        0     1                 
  400a60   400a60        0     1                 
  400a60   400a60        0     1                 
  400a6c   400a6c        0     1                 
  400a6c   400a6c        0     1                 
  400a74   400a74        0     1                 
  400a74   400a74        0     1                 
  400a80   400a80        0     1                 
  400a84   400a84        0     1                 
  400a90   400a90        0     1                 
  400a90   400a90        0     1                 
  400a94   400a94        0     1                 
  400a94   400a94        0     1                 
  400aa4   400aa4        0     1                 
  400aa4   400aa4        0     1                 
  400ab0   400ab0        0     1                 
  400ab0   400ab0        0     1                 
  400ac0   400ac0        0     1                 
  400ac0   400ac0        0     1                 
  400ac4   400ac4        0     1                 
  400ac4   400ac4        0     1                 
  400ad4   400ad4        0     1                 
  400ad4   400ad4        0     1                 
  400ae0   400ae0        0     1                 
  400ae0   400ae0        0     1                 
  400aec   400aec        0     1                 
  400aec   400aec        0     1                 
  400af0   400af0        0     1                 
  400af0   400af0        0     1                 
  400b00   400b00        0     1                 
  400b00   400b00        0     1                 
  400b0c   400b0c        0     1                 
  400b0c   400b0c        0     1                 
  400b18   400b18        0     1                 
  400b18   400b18        0     1                 
  400b1c   400b1c        0     1                 
  400b1c   400b1c        0     1                 
  400b2c   400b2c        0     1                 
  400b34   400b34        0     1                 
  400b34   400b34        0     1                 
  400b38   400b38        0     1                 
  400b38   400b38        0     1                 
  400b44   400b44        0     1                 
  400b44   400b44        0     1                 
  400b50   400b50        0     1                 
  400b50   400b50        0     1                 
  400b54   400b54        0     1                 
  400b5c   400b5c        0     1                 
  400b5c   400b5c        0     1                 
  400b68   400b68        0     1                 
  400b6c   400b6c        0     1                 
  400b74   400b74        0     1                 
  400b74   400b74        0     1                 
  400b78   400b78        0     1                 
  400b78   400b78        0     1                 
  400b8c   400b8c        0     1                 
  400b8c   400b8c        0     1                 
  400ba0   400ba0        0     1                 
  400ba8   400ba8        0     1                 
  400ba8   400ba8        0     1                 
  400ba8   400ba8        0     1                 
  400ba8   400ba8        0     1                 
  400ba8   400ba8        0     1                 
  400ba8   400ba8       14     1                 putchar
  400bac   400bac        0     1                 
  400bac   400bac        0     1                 
  400bb8   400bb8        0     1                 
  400bbc   400bbc        0     1                 
  400bbc   400bbc        0     1                 
  400bbc   400bbc        0     1                 
  400bbc   400bbc        0     1                 
  400bbc   400bbc       14     1                 print_int
  400bc0   400bc0        0     1                 
  400bc0   400bc0        0     1                 
  400bcc   400bcc        0     1                 
  400bd0   400bd0        0     1                 
  400bd0   400bd0        0     1                 
  400bd0   400bd0        0     1                 
  400bd0   400bd0        0     1                 
  400bd0   400bd0        c     1                 call_sd_api
  400bd8   400bd8        0     1                 
  400bd8   400bd8        0     1                 
  400bdc   400bdc        0     1                 
  400bdc   400bdc        0     1                 
  400bdc   400bdc        0     1                 
  400bdc   400bdc        c     1                 call_dump_api
  400be4   400be4        0     1                 
  400be8   400be8        0     1                 
  400be8   400be8        0     1                 
  400be8   400be8        0     1                 
  400be8   400be8       34     1                 strcpy
  400bf0   400bf0        0     1                 
  400bf8   400bf8        0     1                 
  400bf8   400bf8        0     1                 
  400bfc   400bfc        0     1                 
  400bfc   400bfc        0     1                 
  400c00   400c00        0     1                 
  400c04   400c04        0     1                 
  400c08   400c08        0     1                 
  400c08   400c08        0     1                 
  400c0c   400c0c        0     1                 
  400c0c   400c0c        0     1                 
  400c10   400c10        0     1                 
  400c14   400c14        0     1                 
  400c14   400c14        0     1                 
  400c18   400c18        0     1                 
  400c1c   400c1c        0     1                 
  400c1c   400c1c        0     1                 
  400c1c   400c1c        0     1                 
  400c1c   400c1c        0     1                 
  400c1c   400c1c        0     1                 
  400c1c   400c1c       40     1                 strcmp
  400c20   400c20        0     1                 
  400c24   400c24        0     1                 
  400c28   400c28        0     1                 
  400c28   400c28        0     1                 
  400c30   400c30        0     1                 
  400c34   400c34        0     1                 
  400c34   400c34        0     1                 
  400c38   400c38        0     1                 
  400c3c   400c3c        0     1                 
  400c40   400c40        0     1                 
  400c44   400c44        0     1                 
  400c4c   400c4c        0     1                 
  400c4c   400c4c        0     1                 
  400c50   400c50        0     1                 
  400c50   400c50        0     1                 
  400c54   400c54        0     1                 
  400c54   400c54        0     1                 
  400c58   400c58        0     1                 
  400c5c   400c5c        0     1                 
  400c5c   400c5c        0     1                 
  400c5c   400c5c        0     1                 
  400c5c   400c5c        0     1                 
  400c5c   400c5c        0     1                 
  400c5c   400c5c      308     1                 printf
  400c98   400c98        0     1                 
  400cb8   400cb8        0     1                 
  400ce8   400ce8        0     1                 
  400cec   400cec        0     1                 
  400cf0   400cf0        0     1                 
  400cf4   400cf4        0     1                 
  400cfc   400cfc        0     1                 
  400cfc   400cfc        0     1                 
  400d08   400d08        0     1                 
  400d0c   400d0c        0     1                 
  400d10   400d10        0     1                 
  400d14   400d14        0     1                 
  400d18   400d18        0     1                 
  400d24   400d24        0     1                 
  400d24   400d24        0     1                 
  400d34   400d34        0     1                 
  400d34   400d34        0     1                 
  400d38   400d38        0     1                 
  400d38   400d38        0     1                 
  400d3c   400d3c        0     1                 
  400d3c   400d3c        0     1                 
  400d4c   400d4c        0     1                 
  400d4c   400d4c        0     1                 
  400d50   400d50        0     1                 
  400d54   400d54        0     1                 
  400d54   400d54        0     1                 
  400d5c   400d5c        0     1                 
  400d5c   400d5c        0     1                 
  400d6c   400d6c        0     1                 
  400d6c   400d6c        0     1                 
  400d70   400d70        0     1                 
  400d70   400d70        0     1                 
  400d74   400d74        0     1                 
  400d78   400d78        0     1                 
  400d78   400d78        0     1                 
  400d84   400d84        0     1                 
  400d84   400d84        0     1                 
  400d8c   400d8c        0     1                 
  400d8c   400d8c        0     1                 
  400d90   400d90        0     1                 
  400d94   400d94        0     1                 
  400d94   400d94        0     1                 
  400da0   400da0        0     1                 
  400da0   400da0        0     1                 
  400da8   400da8        0     1                 
  400da8   400da8        0     1                 
  400dac   400dac        0     1                 
  400db0   400db0        0     1                 
  400db0   400db0        0     1                 
  400dbc   400dbc        0     1                 
  400dbc   400dbc        0     1                 
  400dc4   400dc4        0     1                 
  400dc4   400dc4        0     1                 
  400dc8   400dc8        0     1                 
  400dcc   400dcc        0     1                 
  400dcc   400dcc        0     1                 
  400dd8   400dd8        0     1                 
  400dd8   400dd8        0     1                 
  400de0   400de0        0     1                 
  400de0   400de0        0     1                 
  400de4   400de4        0     1                 
  400de8   400de8        0     1                 
  400de8   400de8        0     1                 
  400df4   400df4        0     1                 
  400df4   400df4        0     1                 
  400dfc   400dfc        0     1                 
  400dfc   400dfc        0     1                 
  400e00   400e00        0     1                 
  400e04   400e04        0     1                 
  400e04   400e04        0     1                 
  400e10   400e10        0     1                 
  400e10   400e10        0     1                 
  400e18   400e18        0     1                 
  400e18   400e18        0     1                 
  400e1c   400e1c        0     1                 
  400e20   400e20        0     1                 
  400e20   400e20        0     1                 
  400e2c   400e2c        0     1                 
  400e2c   400e2c        0     1                 
  400e30   400e30        0     1                 
  400e30   400e30        0     1                 
  400e34   400e34        0     1                 
  400e38   400e38        0     1                 
  400e38   400e38        0     1                 
  400e44   400e44        0     1                 
  400e44   400e44        0     1                 
  400e48   400e48        0     1                 
  400e4c   400e4c        0     1                 
  400e4c   400e4c        0     1                 
  400e58   400e58        0     1                 
  400e5c   400e5c        0     1                 
  400e60   400e60        0     1                 
  400e60   400e60        0     1                 
  400e70   400e70        0     1                 
  400e70   400e70        0     1                 
  400e74   400e74        0     1                 
  400e7c   400e7c        0     1                 
  400e7c   400e7c        0     1                 
  400e88   400e88        0     1                 
  400e88   400e88        0     1                 
  400e8c   400e8c        0     1                 
  400e90   400e90        0     1                 
  400e98   400e98        0     1                 
  400e98   400e98        0     1                 
  400ea8   400ea8        0     1                 
  400eac   400eac        0     1                 
  400eac   400eac        0     1                 
  400eb0   400eb0        0     1                 
  400eb8   400eb8        0     1                 
  400eb8   400eb8        0     1                 
  400ecc   400ecc        0     1                 
  400ecc   400ecc        0     1                 
  400edc   400edc        0     1                 
  400ee0   400ee0        0     1                 
  400ee4   400ee4        0     1                 
  400ee4   400ee4        0     1                 
  400eec   400eec        0     1                 
  400ef0   400ef0        0     1                 
  400ef4   400ef4        0     1                 
  400ef4   400ef4        0     1                 
  400efc   400efc        0     1                 
  400efc   400efc        0     1                 
  400f08   400f08        0     1                 
  400f10   400f10        0     1                 
  400f18   400f18        0     1                 
  400f18   400f18        0     1                 
  400f1c   400f1c        0     1                 
  400f1c   400f1c        0     1                 
  400f28   400f28        0     1                 
  400f28   400f28        0     1                 
  400f44   400f44        0     1                 
  400f5c   400f5c        0     1                 
  400f64   400f64        0     1                 
  400f64   400f64        0     1                 
  400f64   400f64        0     1                 
  400f64   400f64        0     1                 
  400f64   400f64        0     1                 
  400f64   400f64       f0     1                 parse_u32
  400f88   400f88        0     1                 
  400f88   400f88        0     1                 
  400f94   400f94        0     1                 
  400f98   400f98        0     1                 
  400f9c   400f9c        0     1                 
  400fa8   400fa8        0     1                 
  400fa8   400fa8        0     1                 
  400fac   400fac        0     1                 
  400fb0   400fb0        0     1                 
  400fb4   400fb4        0     1                 
  400fb8   400fb8        0     1                 
  400fc0   400fc0        0     1                 
  400fc0   400fc0        0     1                 
  400fc4   400fc4        0     1                 
  400fc8   400fc8        0     1                 
  400fc8   400fc8        0     1                 
  400fd8   400fd8        0     1                 
  400fe8   400fe8        0     1                 
  400ff8   400ff8        0     1                 
  401008   401008        0     1                 
  401010   401010        0     1                 
  401010   401010        0     1                 
  401014   401014        0     1                 
  401020   401020        0     1                 
  401020   401020        0     1                 
  401024   401024        0     1                 
  401024   401024        0     1                 
  401028   401028        0     1                 
  401028   401028        0     1                 
  40102c   40102c        0     1                 
  401030   401030        0     1                 
  401030   401030        0     1                 
  40104c   40104c        0     1                 
  401054   401054        0     1                 
  401054   401054        0     1                 
  401054   401054        0     1                 
  401054   401054        0     1                 
  401054   401054        0     1                 
  401054   401054       84     1                 is_prime
  401058   401058        0     1                 
  40105c   40105c        0     1                 
  401060   401060        0     1                 
  401060   401060        0     1                 
  401064   401064        0     1                 
  401068   401068        0     1                 
  40107c   40107c        0     1                 
  40107c   40107c        0     1                 
  401084   401084        0     1                 
  401084   401084        0     1                 
  401088   401088        0     1                 
  40108c   40108c        0     1                 
  40108c   40108c        0     1                 
  4010a0   4010a0        0     1                 
  4010a0   4010a0        0     1                 
  4010a4   4010a4        0     1                 
  4010a8   4010a8        0     1                 
  4010a8   4010a8        0     1                 
  4010b8   4010b8        0     1                 
  4010bc   4010bc        0     1                 
  4010bc   4010bc        0     1                 
  4010c0   4010c0        0     1                 
  4010c0   4010c0        0     1                 
  4010c8   4010c8        0     1                 
  4010d4   4010d4        0     1                 
  4010d8   4010d8        0     1                 
  4010d8   4010d8        0     1                 
  4010d8   4010d8        0     1                 
  4010d8   4010d8        0     1                 
  4010d8   4010d8        0     1                 
  4010d8   4010d8       14     1                 getchar
  4010e4   4010e4        0     1                 
  4010e4   4010e4        0     1                 
  4010ec   4010ec        0     1                 
  4010ec   4010ec       2c     4         ./build/mulsi3.o:(.text)
  4010ec   4010ec        0     1                 $x.0
  4010ec   4010ec       2c     1                 __mulsi3
  4010f4   4010f4        0     1                 .LBB0_1
  401110   401110        0     1                 .LBB0_2
  401118   401118      17c     4         ./build/divmodsi3.o:(.text)
  401118   401118        0     1                 $x.0
  401118   401118       5c     1                 __udivsi3
  401130   401130        0     1                 .LBB0_2
  40116c   40116c        0     1                 .LBB0_4
  401174   401174       40     1                 __umodsi3
  401184   401184        0     1                 .LBB1_2
  4011ac   4011ac        0     1                 .LBB1_3
  4011b4   4011b4       80     1                 __divsi3
  4011e4   4011e4        0     1                 .LBB2_2
  401224   401224        0     1                 .LBB2_5
  40122c   40122c        0     1                 .LBB2_6
  401234   401234       60     1                 __modsi3
  40125c   40125c        0     1                 .LBB3_2
  40128c   40128c        0     1                 .LBB3_5
  401294   401294       f0     4 .rodata
  401294   401294       f0     1         <internal>:(.rodata.str1.1)
  401384   401384    2100c     4 .bss
  401384   401384        c     1         . = ALIGN ( 16 )
  401390   401390        0     1         __user_stack_bottom = .
  401390   401390     1000     1         . += 4K
  402390   402390        0     1         __user_stack_start = .
  402390   402390    20000     1         . += 128 * 1024
  422390   422390        0     1         __user_stack_top = .
  422390   422390        0     1         
       0        0      d0c     1 .debug_loc
       0        0      4a2     1         /tmp/shell-4190cf.o:(.debug_loc)
       0        0        0     1                 
       0        0        0     1                 $d.2
      36       36        0     1                 
      56       56        0     1                 
      7f       7f        0     1                 
      b8       b8        0     1                 
     106      106        0     1                 
     15c      15c        0     1                 
     19e      19e        0     1                 
     204      204        0     1                 
     23b      23b        0     1                 
     266      266        0     1                 
     279      279        0     1                 
     297      297        0     1                 
     2aa      2aa        0     1                 
     2e0      2e0        0     1                 
     346      346        0     1                 
     364      364        0     1                 
     377      377        0     1                 
     3ea      3ea        0     1                 
     414      414        0     1                 
     432      432        0     1                 
     445      445        0     1                 
     463      463        0     1                 
     482      482        0     1                 
     4a2      4a2      86a     1         /tmp/user-1cba1c.o:(.debug_loc)
     4a2      4a2        0     1                 
     4a2      4a2        0     1                 $d.3
     4bf      4bf        0     1                 
     4e5      4e5        0     1                 
     50c      50c        0     1                 
     54b      54b        0     1                 
     571      571        0     1                 
     599      599        0     1                 
     5b6      5b6        0     1                 
     5d4      5d4        0     1                 
     5f2      5f2        0     1                 
     60d      60d        0     1                 
     637      637        0     1                 
     65f      65f        0     1                 
     686      686        0     1                 
     6cd      6cd        0     1                 
     6f5      6f5        0     1                 
     71f      71f        0     1                 
     747      747        0     1                 
     76e      76e        0     1                 
     7b5      7b5        0     1                 
     7dd      7dd        0     1                 
     807      807        0     1                 
     82f      82f        0     1                 
     856      856        0     1                 
     88f      88f        0     1                 
     8b5      8b5        0     1                 
     8db      8db        0     1                 
     8f6      8f6        0     1                 
     91c      91c        0     1                 
     94d      94d        0     1                 
     98b      98b        0     1                 
     9a6      9a6        0     1                 
     9cc      9cc        0     1                 
     9f2      9f2        0     1                 
     a2e      a2e        0     1                 
     a6e      a6e        0     1                 
     af3      af3        0     1                 
     b0e      b0e        0     1                 
     b76      b76        0     1                 
     ba9      ba9        0     1                 
     bda      bda        0     1                 
     c19      c19        0     1                 
     c4b      c4b        0     1                 
     c66      c66        0     1                 
     c81      c81        0     1                 
     cb2      cb2        0     1                 
     cf1      cf1        0     1                 
       0        0      446     1 .debug_abbrev
       0        0      1a0     1         /tmp/shell-4190cf.o:(.debug_abbrev)
       0        0        0     1                 $d.3
     1a0      1a0      2a6     1         /tmp/user-1cba1c.o:(.debug_abbrev)
     1a0      1a0        0     1                 $d.4
       0        0     1030     1 .debug_info
       0        0      6bf     1         /tmp/shell-4190cf.o:(.debug_info)
       0        0        0     1                 $d.4
     6bf      6bf      971     1         /tmp/user-1cba1c.o:(.debug_info)
     6bf      6bf        0     1                 $d.5
       0        0      258     1 .debug_ranges
       0        0       f0     1         /tmp/shell-4190cf.o:(.debug_ranges)
       0        0        0     1                 
       0        0        0     1                 $d.5
      18       18        0     1                 
      30       30        0     1                 
      58       58        0     1                 
      78       78        0     1                 
      98       98        0     1                 
      b0       b0        0     1                 
      d0       d0        0     1                 
      f0       f0      168     1         /tmp/user-1cba1c.o:(.debug_ranges)
      f0       f0        0     1                 
      f0       f0        0     1                 $d.6
     108      108        0     1                 
     120      120        0     1                 
     138      138        0     1                 
     150      150        0     1                 
     168      168        0     1                 
     180      180        0     1                 
     198      198        0     1                 
     1b0      1b0        0     1                 
     1c8      1c8        0     1                 
     1e0      1e0        0     1                 
     228      228        0     1                 
     240      240        0     1                 
       0        0      265     1 .debug_str
       0        0      265     1         <internal>:(.debug_str)
       0        0       42     1 .comment
       0        0       42     1         <internal>:(.comment)
       0        0       25     1 .riscv.attributes
       0        0       25     1         <internal>:(.riscv.attributes)
       0        0      1ac     4 .debug_frame
       0        0       74     4         /tmp/shell-4190cf.o:(.debug_frame)
       0        0        0     1                 
       0        0        0     1                 $d.9
      74       74      138     4         /tmp/user-1cba1c.o:(.debug_frame)
      74       74        0     1                 
      74       74        0     1                 $d.10
       0        0      e9e     1 .debug_line
       0        0      6e0     1         /tmp/shell-4190cf.o:(.debug_line)
       0        0        0     1                 .Lline_table_start0
       0        0        0     1                 $d.10
     6e0      6e0      7be     1         /tmp/user-1cba1c.o:(.debug_line)
     6e0      6e0        0     1                 .Lline_table_start0
     6e0      6e0        0     1                 $d.11
       0        0     4170     4 .symtab
       0        0     4170     4         <internal>:(.symtab)
       0        0       a0     1 .shstrtab
       0        0       a0     1         <internal>:(.shstrtab)
       0        0      1c0     1 .strtab
       0        0      1c0     1         <internal>:(.strtab)
